================================================
R4-D CONFIRMATORY MULTISEED
REPLICATE 03
================================================
search seed      : 243001
test seed        : 244001
ALNS-Mean seed   : 252001
ALNS-CVaR seed   : 253001
search budget    : 25100

------------------------------------------------
ETA = 0.00
------------------------------------------------
mu=0.015384615385 beta=0.600 eta=0.00 kappa=0.695266237912
Running ALNS-Mean...
Running ALNS-CVaR...
Search-budget gate: PASS

------------------------------------------------
ETA = 0.35
------------------------------------------------
mu=0.010000000000 beta=0.600 eta=0.35 kappa=0.900000000000
Running ALNS-Mean...
Running ALNS-CVaR...
Search-budget gate: PASS

------------------------------------------------
ETA = 0.70
------------------------------------------------
mu=0.004615384615 beta=0.600 eta=0.70 kappa=1.481574841841
Running ALNS-Mean...
Running ALNS-CVaR...
Search-budget gate: PASS

[STRUCTURAL] PERT CRN
Search bank: PASS
Test bank  : PASS

CONTRASTS
C1_OR_CVaR_eta70_minus_eta0           : +46.697858
OR_mean_eta70_minus_eta0              : +3.739027
G_eta0                                : -5.658612
G_eta035                              : +4.186365
G_eta070                              : +31.783945
C2_interaction_G70_minus_G0           : +37.442557
tail_gain_eta0                        : -0.629306
tail_gain_eta035                      : +6.193183
tail_gain_eta070                      : +13.991972
tail_gain_interaction_70_minus_0      : +14.621278

================================================
R4-D REPLICATE 03: PASS
================================================
