======================================
R3 UNIFORM-POLICY CONTROL
replicate=04
P(operator) = (1/3, 1/3, 1/3)
training = NONE
======================================

NOTE: during the frozen base run, console labels RL-* are temporary placeholders.
Outputs are relabeled as Uniform-* after completion.


Generating four independent scenario banks...
Loading frozen V5 OR-Tools initial solution...
Running ALNS-Nominal...
Running ALNS-Mean...
Running ALNS-CVaR...
Training RL-FF-Mean...
Frozen-policy search RL-FF-Mean...
Training RL-FF-CVaR...
Frozen-policy search RL-FF-CVaR...
Training RL-GRU-Mean...
Frozen-policy search RL-GRU-Mean...
Training RL-GRU-CVaR...
Frozen-policy search RL-GRU-CVaR...

Search-budget gate: PASS
Evaluating all methods on independent common test bank...

====================================
R3-FAST-SMOKE: PASS
====================================
Train bank      : 100
Validation bank : 100
Search bank     : 100
Test bank       : 1000
Matched stochastic search budget: 25100

TEST RESULTS (sorted by CVaR95)

      method  distance_km  tard_mean  tard_cvar95  on_time_mean  training_runtime_s  search_runtime_s  search_scenario_evals  search_null_proposals
 RL-GRU-CVaR        376.7   0.365954     4.622969      0.996782            0.000356         27.923343                  25100                     15
   ALNS-CVaR        372.7   0.550976     8.529341      0.997974            0.000000         38.524841                  25100                     61
  RL-FF-CVaR        380.6   0.926472    11.179993      0.997013            0.000345         28.221534                  25100                     10
   ALNS-Mean        368.8   2.798590    33.242259      0.993628            0.000000         33.586743                  25100                     35
  RL-FF-Mean        368.8   2.798590    33.242259      0.993628            0.000367         35.428787                  25100                     32
 RL-GRU-Mean        368.8   2.798590    33.242259      0.993628            0.000357         31.521063                  25100                     24
    OR-Tools        367.2  13.540746    64.849501      0.973192            0.000000          0.000000                      0                      0
ALNS-Nominal        366.9  22.167463    64.941416      0.973744            0.000000         33.797465                      0                     82

Output: /Users/mauricioherrera/PycharmProjects/TRIP-Major-Revision/TRIP_R3_DAY1_FAST_SMOKE_V1/R3_UNIFORM_CONTROL_OUTPUT/replicate_04

R3 UNIFORM CONTROL COMPLETE:
R3_UNIFORM_CONTROL_OUTPUT/replicate_04
