======================================
R3 UNIFORM-POLICY CONTROL
replicate=10
P(operator) = (1/3, 1/3, 1/3)
training = NONE
======================================

NOTE: during the frozen base run, console labels RL-* are temporary placeholders.
Outputs are relabeled as Uniform-* after completion.


Generating four independent scenario banks...
Loading frozen V5 OR-Tools initial solution...
Running ALNS-Nominal...
Running ALNS-Mean...
Running ALNS-CVaR...
Training RL-FF-Mean...
Frozen-policy search RL-FF-Mean...
Training RL-FF-CVaR...
Frozen-policy search RL-FF-CVaR...
Training RL-GRU-Mean...
Frozen-policy search RL-GRU-Mean...
Training RL-GRU-CVaR...
Frozen-policy search RL-GRU-CVaR...

Search-budget gate: PASS
Evaluating all methods on independent common test bank...

====================================
R3-FAST-SMOKE: PASS
====================================
Train bank      : 100
Validation bank : 100
Search bank     : 100
Test bank       : 1000
Matched stochastic search budget: 25100

TEST RESULTS (sorted by CVaR95)

      method  distance_km  tard_mean  tard_cvar95  on_time_mean  training_runtime_s  search_runtime_s  search_scenario_evals  search_null_proposals
 RL-GRU-CVaR        372.8   0.811126     9.782794      0.995205            0.000323         31.424781                  25100                     23
  RL-FF-CVaR        379.3   0.870743    10.395428      0.995321            0.000342         42.741256                  25100                     74
   ALNS-Mean        371.1   1.046624    11.284040      0.995103            0.000000         39.376697                  25100                     54
   ALNS-CVaR        380.8   1.145686    15.279604      0.996064            0.000000         29.226561                  25100                     26
 RL-GRU-Mean        381.2   2.431183    23.152236      0.993359            0.000347         48.308484                  25100                     98
  RL-FF-Mean        368.8   2.798590    33.242259      0.993628            0.000392         34.866872                  25100                     36
    OR-Tools        367.2  13.540746    64.849501      0.973192            0.000000          0.000000                      0                      0
ALNS-Nominal        367.2  13.540746    64.849501      0.973192            0.000000         23.631555                      0                     33

Output: /Users/mauricioherrera/PycharmProjects/TRIP-Major-Revision/TRIP_R3_DAY1_FAST_SMOKE_V1/R3_UNIFORM_CONTROL_OUTPUT/replicate_10

R3 UNIFORM CONTROL COMPLETE:
R3_UNIFORM_CONTROL_OUTPUT/replicate_10
