======================================
R3 UNIFORM-POLICY CONTROL
replicate=02
P(operator) = (1/3, 1/3, 1/3)
training = NONE
======================================

NOTE: during the frozen base run, console labels RL-* are temporary placeholders.
Outputs are relabeled as Uniform-* after completion.


Generating four independent scenario banks...
Loading frozen V5 OR-Tools initial solution...
Running ALNS-Nominal...
Running ALNS-Mean...
Running ALNS-CVaR...
Training RL-FF-Mean...
Frozen-policy search RL-FF-Mean...
Training RL-FF-CVaR...
Frozen-policy search RL-FF-CVaR...
Training RL-GRU-Mean...
Frozen-policy search RL-GRU-Mean...
Training RL-GRU-CVaR...
Frozen-policy search RL-GRU-CVaR...

Search-budget gate: PASS
Evaluating all methods on independent common test bank...

====================================
R3-FAST-SMOKE: PASS
====================================
Train bank      : 100
Validation bank : 100
Search bank     : 100
Test bank       : 1000
Matched stochastic search budget: 25100

TEST RESULTS (sorted by CVaR95)

      method  distance_km  tard_mean  tard_cvar95  on_time_mean  training_runtime_s  search_runtime_s  search_scenario_evals  search_null_proposals
  RL-FF-CVaR        373.6   0.224400     3.046493      0.997423            0.000344         50.974011                  25100                    108
   ALNS-CVaR        375.5   0.363355     4.977871      0.996782            0.000000         30.108068                  25100                     24
 RL-GRU-CVaR        375.1   0.377864     7.534992      0.999038            0.000352         35.081416                  25100                     46
   ALNS-Mean        377.7   0.966912    13.870670      0.997064            0.000000         35.981174                  25100                     46
 RL-GRU-Mean        372.3   2.263138    28.863882      0.995513            0.000340         33.546238                  25100                     34
  RL-FF-Mean        369.6   2.801279    33.242259      0.993615            0.000361         37.178726                  25100                     57
ALNS-Nominal        366.1  18.425365    50.286692      0.983385            0.000000         37.123306                      0                    110
    OR-Tools        367.2  13.540746    64.849501      0.973192            0.000000          0.000000                      0                      0

Output: /Users/mauricioherrera/PycharmProjects/TRIP-Major-Revision/TRIP_R3_DAY1_FAST_SMOKE_V1/R3_UNIFORM_CONTROL_OUTPUT/replicate_02

R3 UNIFORM CONTROL COMPLETE:
R3_UNIFORM_CONTROL_OUTPUT/replicate_02
