======================================
R3 UNIFORM-POLICY CONTROL
replicate=07
P(operator) = (1/3, 1/3, 1/3)
training = NONE
======================================

NOTE: during the frozen base run, console labels RL-* are temporary placeholders.
Outputs are relabeled as Uniform-* after completion.


Generating four independent scenario banks...
Loading frozen V5 OR-Tools initial solution...
Running ALNS-Nominal...
Running ALNS-Mean...
Running ALNS-CVaR...
Training RL-FF-Mean...
Frozen-policy search RL-FF-Mean...
Training RL-FF-CVaR...
Frozen-policy search RL-FF-CVaR...
Training RL-GRU-Mean...
Frozen-policy search RL-GRU-Mean...
Training RL-GRU-CVaR...
Frozen-policy search RL-GRU-CVaR...

Search-budget gate: PASS
Evaluating all methods on independent common test bank...

====================================
R3-FAST-SMOKE: PASS
====================================
Train bank      : 100
Validation bank : 100
Search bank     : 100
Test bank       : 1000
Matched stochastic search budget: 25100

TEST RESULTS (sorted by CVaR95)

      method  distance_km  tard_mean  tard_cvar95  on_time_mean  training_runtime_s  search_runtime_s  search_scenario_evals  search_null_proposals
 RL-GRU-CVaR        376.6   0.217442     4.098402      0.998936            0.000339         29.281625                  25100                     20
  RL-FF-CVaR        375.5   0.358819     6.351372      0.998628            0.000351         30.221310                  25100                     23
 RL-GRU-Mean        371.4   0.710464     9.344011      0.995731            0.000338         40.890351                  25100                     61
   ALNS-CVaR        376.8   2.284458    19.033625      0.993590            0.000000         38.279171                  25100                     44
   ALNS-Mean        370.5   2.361926    26.580260      0.994679            0.000000         32.177184                  25100                     26
  RL-FF-Mean        368.8   2.798590    33.242259      0.993628            0.000398         33.415653                  25100                     39
    OR-Tools        367.2  13.540746    64.849501      0.973192            0.000000          0.000000                      0                      0
ALNS-Nominal        366.9  22.167463    64.941416      0.973744            0.000000         31.271577                      0                     63

Output: /Users/mauricioherrera/PycharmProjects/TRIP-Major-Revision/TRIP_R3_DAY1_FAST_SMOKE_V1/R3_UNIFORM_CONTROL_OUTPUT/replicate_07

R3 UNIFORM CONTROL COMPLETE:
R3_UNIFORM_CONTROL_OUTPUT/replicate_07
