======================================
R3 UNIFORM-POLICY CONTROL
replicate=03
P(operator) = (1/3, 1/3, 1/3)
training = NONE
======================================

NOTE: during the frozen base run, console labels RL-* are temporary placeholders.
Outputs are relabeled as Uniform-* after completion.


Generating four independent scenario banks...
Loading frozen V5 OR-Tools initial solution...
Running ALNS-Nominal...
Running ALNS-Mean...
Running ALNS-CVaR...
Training RL-FF-Mean...
Frozen-policy search RL-FF-Mean...
Training RL-FF-CVaR...
Frozen-policy search RL-FF-CVaR...
Training RL-GRU-Mean...
Frozen-policy search RL-GRU-Mean...
Training RL-GRU-CVaR...
Frozen-policy search RL-GRU-CVaR...

Search-budget gate: PASS
Evaluating all methods on independent common test bank...

====================================
R3-FAST-SMOKE: PASS
====================================
Train bank      : 100
Validation bank : 100
Search bank     : 100
Test bank       : 1000
Matched stochastic search budget: 25100

TEST RESULTS (sorted by CVaR95)

      method  distance_km  tard_mean  tard_cvar95  on_time_mean  training_runtime_s  search_runtime_s  search_scenario_evals  search_null_proposals
   ALNS-CVaR        378.5   0.010767     0.215349      0.999974            0.000000         28.273451                  25100                      6
 RL-GRU-Mean        371.6   0.246108     3.344328      0.997244            0.000327         43.864793                  25100                     70
 RL-GRU-CVaR        371.1   0.363479     5.005799      0.996859            0.000327         32.466548                  25100                     27
  RL-FF-CVaR        379.7   0.803266    14.464122      0.998128            0.000354         26.678643                  25100                      8
   ALNS-Mean        374.2   2.019766    21.637054      0.993333            0.000000         43.031229                  25100                     76
  RL-FF-Mean        370.5   1.806463    27.777088      0.993654            0.000369         47.582609                  25100                    104
    OR-Tools        367.2  13.540746    64.849501      0.973192            0.000000          0.000000                      0                      0
ALNS-Nominal        367.2  13.540746    64.849501      0.973192            0.000000         36.964628                      0                    106

Output: /Users/mauricioherrera/PycharmProjects/TRIP-Major-Revision/TRIP_R3_DAY1_FAST_SMOKE_V1/R3_UNIFORM_CONTROL_OUTPUT/replicate_03

R3 UNIFORM CONTROL COMPLETE:
R3_UNIFORM_CONTROL_OUTPUT/replicate_03
