==============================================================================
R4-E2 ZERO-SHOT RL TRANSFER
TARGET DAY 9 — SOURCE CHECKPOINT 06
==============================================================================
target training       : NONE
target validation     : NONE
target weight updates : NONE
initial distance      : 431.300000
TW scale              : 180.000000
search bank seed      : 20900601
test bank seed        : 20900602
Running RL-FF-Mean...
Running RL-GRU-Mean...
Running Uniform-Mean...
Running RL-FF-CVaR...
Running RL-GRU-CVaR...
Running Uniform-CVaR...
Search-budget gates   : PASS
Weight-immutability   : PASS

      method  distance_km  tard_mean  tard_cvar95  on_time_mean  J_aligned
  RL-FF-Mean        420.1   7.887754    40.057435      0.980571 435.875508
 RL-GRU-Mean        427.1   4.671978    27.862326      0.987821 436.443956
Uniform-Mean        429.1   7.516649    37.273841      0.978750 444.133299
  RL-FF-CVaR        430.7   3.455181    24.065118      0.989583 478.830236
 RL-GRU-CVaR        428.5   4.263476    31.450893      0.988810 491.401787
Uniform-CVaR        428.3   5.338993    31.436281      0.985286 491.172562

FF_Mean_RL_minus_Uniform        : -8.257791
GRU_Mean_RL_minus_Uniform       : -7.689342
FF_CVaR_RL_minus_Uniform        : -12.342326
GRU_CVaR_RL_minus_Uniform       : +0.229225
GRU_minus_FF_Mean               : +0.568448
GRU_minus_FF_CVaR               : +12.571551

==============================================================================
R4-E2 DAY 9 SOURCE 06: PASS
==============================================================================
