==============================================================================
R4-E2 ZERO-SHOT RL TRANSFER
TARGET DAY 7 — SOURCE CHECKPOINT 07
==============================================================================
target training       : NONE
target validation     : NONE
target weight updates : NONE
initial distance      : 363.400000
TW scale              : 180.000000
search bank seed      : 20700701
test bank seed        : 20700702
Running RL-FF-Mean...
Running RL-GRU-Mean...
Running Uniform-Mean...
Running RL-FF-CVaR...
Running RL-GRU-CVaR...
Running Uniform-CVaR...
Search-budget gates   : PASS
Weight-immutability   : PASS

      method  distance_km  tard_mean  tard_cvar95  on_time_mean  J_aligned
  RL-FF-Mean        365.9   2.220402    25.172418      0.992742 370.340804
 RL-GRU-Mean        370.1   1.232364    14.781041      0.996712 372.564728
Uniform-Mean        371.4   1.915914    23.297076      0.995652 375.231829
  RL-FF-CVaR        381.1   0.610386    11.619010      0.998455 404.338020
 RL-GRU-CVaR        369.1   5.449288    27.347548      0.989227 423.795096
Uniform-CVaR        375.4   0.355703     7.114055      0.999288 389.628111

FF_Mean_RL_minus_Uniform        : -4.891025
GRU_Mean_RL_minus_Uniform       : -2.667101
FF_CVaR_RL_minus_Uniform        : +14.709909
GRU_CVaR_RL_minus_Uniform       : +34.166985
GRU_minus_FF_Mean               : +2.223924
GRU_minus_FF_CVaR               : +19.457076

==============================================================================
R4-E2 DAY 7 SOURCE 07: PASS
==============================================================================
