==============================================================================
R4-E2 ZERO-SHOT RL TRANSFER
TARGET DAY 5 — SOURCE CHECKPOINT 08
==============================================================================
target training       : NONE
target validation     : NONE
target weight updates : NONE
initial distance      : 395.500000
TW scale              : 180.000000
search bank seed      : 20500801
test bank seed        : 20500802
Running RL-FF-Mean...
Running RL-GRU-Mean...
Running Uniform-Mean...
Running RL-FF-CVaR...
Running RL-GRU-CVaR...
Running Uniform-CVaR...
Search-budget gates   : PASS
Weight-immutability   : PASS

      method  distance_km  tard_mean  tard_cvar95  on_time_mean  J_aligned
  RL-FF-Mean        404.4   3.853535    28.894856      0.990107 412.107069
 RL-GRU-Mean        397.1   2.199200    20.115213      0.994853 401.498401
Uniform-Mean        396.3   0.583833     8.049651      0.997893 397.467667
  RL-FF-CVaR        408.3   1.575159    18.889709      0.995413 446.079417
 RL-GRU-CVaR        418.8   1.086121    13.877367      0.996960 446.554734
Uniform-CVaR        403.9   0.179977     3.599545      0.999293 411.099090

FF_Mean_RL_minus_Uniform        : +14.639402
GRU_Mean_RL_minus_Uniform       : +4.030734
FF_CVaR_RL_minus_Uniform        : +34.980327
GRU_CVaR_RL_minus_Uniform       : +35.455643
GRU_minus_FF_Mean               : -10.608668
GRU_minus_FF_CVaR               : +0.475316

==============================================================================
R4-E2 DAY 5 SOURCE 08: PASS
==============================================================================
