==============================================================================
R4-E2 ZERO-SHOT RL TRANSFER
TARGET DAY 9 — SOURCE CHECKPOINT 07
==============================================================================
target training       : NONE
target validation     : NONE
target weight updates : NONE
initial distance      : 431.300000
TW scale              : 180.000000
search bank seed      : 20900701
test bank seed        : 20900702
Running RL-FF-Mean...
Running RL-GRU-Mean...
Running Uniform-Mean...
Running RL-FF-CVaR...
Running RL-GRU-CVaR...
Running Uniform-CVaR...
Search-budget gates   : PASS
Weight-immutability   : PASS

      method  distance_km  tard_mean  tard_cvar95  on_time_mean  J_aligned
  RL-FF-Mean        424.8   5.698344    28.006630      0.982857 436.196687
 RL-GRU-Mean        431.1   2.703691    19.740073      0.990929 436.507381
Uniform-Mean        433.8   4.932234    30.944543      0.988250 443.664467
  RL-FF-CVaR        436.2   7.224499    33.876371      0.981226 503.952743
 RL-GRU-CVaR        437.0   8.090629    46.080220      0.982774 529.160440
Uniform-CVaR        437.1   3.139778    17.654855      0.991798 472.409710

FF_Mean_RL_minus_Uniform        : -7.467780
GRU_Mean_RL_minus_Uniform       : -7.157086
FF_CVaR_RL_minus_Uniform        : +31.543033
GRU_CVaR_RL_minus_Uniform       : +56.750730
GRU_minus_FF_Mean               : +0.310694
GRU_minus_FF_CVaR               : +25.207697

==============================================================================
R4-E2 DAY 9 SOURCE 07: PASS
==============================================================================
