==============================================================================
R4-E2 ZERO-SHOT RL TRANSFER
TARGET DAY 7 — SOURCE CHECKPOINT 05
==============================================================================
target training       : NONE
target validation     : NONE
target weight updates : NONE
initial distance      : 363.400000
TW scale              : 180.000000
search bank seed      : 20700501
test bank seed        : 20700502
Running RL-FF-Mean...
Running RL-GRU-Mean...
Running Uniform-Mean...
Running RL-FF-CVaR...
Running RL-GRU-CVaR...
Running Uniform-CVaR...
Search-budget gates   : PASS
Weight-immutability   : PASS

      method  distance_km  tard_mean  tard_cvar95  on_time_mean  J_aligned
  RL-FF-Mean        363.7   5.298699    36.423703      0.986470 374.297398
 RL-GRU-Mean        363.7   5.284154    36.336984      0.986500 374.268309
Uniform-Mean        363.7   5.284154    36.336984      0.986500 374.268309
  RL-FF-CVaR        378.9   0.110119     2.202386      0.999667 383.304773
 RL-GRU-CVaR        369.3   2.158422    25.648971      0.993591 420.597941
Uniform-CVaR        366.8   1.774132    24.181951      0.995758 415.163902

FF_Mean_RL_minus_Uniform        : +0.029089
GRU_Mean_RL_minus_Uniform       : +0.000000
FF_CVaR_RL_minus_Uniform        : -31.859130
GRU_CVaR_RL_minus_Uniform       : +5.434039
GRU_minus_FF_Mean               : -0.029089
GRU_minus_FF_CVaR               : +37.293169

==============================================================================
R4-E2 DAY 7 SOURCE 05: PASS
==============================================================================
