==============================================================================
R4-E2 ZERO-SHOT RL TRANSFER
TARGET DAY 6 — SOURCE CHECKPOINT 08
==============================================================================
target training       : NONE
target validation     : NONE
target weight updates : NONE
initial distance      : 370.700000
TW scale              : 180.000000
search bank seed      : 20600801
test bank seed        : 20600802
Running RL-FF-Mean...
Running RL-GRU-Mean...
Running Uniform-Mean...
Running RL-FF-CVaR...
Running RL-GRU-CVaR...
Running Uniform-CVaR...
Search-budget gates   : PASS
Weight-immutability   : PASS

      method  distance_km  tard_mean  tard_cvar95  on_time_mean  J_aligned
  RL-FF-Mean        377.2   1.601427    16.002789      0.996558 380.402855
 RL-GRU-Mean        373.9   1.773967    16.442715      0.995675 377.447933
Uniform-Mean        378.4   2.090743    18.159753      0.995506 382.581486
  RL-FF-CVaR        378.2   6.184458    30.503246      0.987818 439.206493
 RL-GRU-CVaR        382.1   2.007082    18.541932      0.994156 419.183863
Uniform-CVaR        382.8   0.746138     8.387884      0.996532 399.575769

FF_Mean_RL_minus_Uniform        : -2.178631
GRU_Mean_RL_minus_Uniform       : -5.133553
FF_CVaR_RL_minus_Uniform        : +39.630724
GRU_CVaR_RL_minus_Uniform       : +19.608094
GRU_minus_FF_Mean               : -2.954922
GRU_minus_FF_CVaR               : -20.022630

==============================================================================
R4-E2 DAY 6 SOURCE 08: PASS
==============================================================================
