==============================================================================
R4-E2 ZERO-SHOT RL TRANSFER
TARGET DAY 5 — SOURCE CHECKPOINT 09
==============================================================================
target training       : NONE
target validation     : NONE
target weight updates : NONE
initial distance      : 395.500000
TW scale              : 180.000000
search bank seed      : 20500901
test bank seed        : 20500902
Running RL-FF-Mean...
Running RL-GRU-Mean...
Running Uniform-Mean...
Running RL-FF-CVaR...
Running RL-GRU-CVaR...
Running Uniform-CVaR...
Search-budget gates   : PASS
Weight-immutability   : PASS

      method  distance_km  tard_mean  tard_cvar95  on_time_mean  J_aligned
  RL-FF-Mean        401.9   1.598315    16.338204      0.994307 405.096630
 RL-GRU-Mean        400.3   1.904181    16.195412      0.994467 404.108363
Uniform-Mean        398.4   0.234697     4.643400      0.999200 398.869394
  RL-FF-CVaR        404.6   1.187809    14.252208      0.996440 433.104416
 RL-GRU-CVaR        399.1   0.413824     8.012416      0.999000 415.124831
Uniform-CVaR        401.8   0.813012    10.943312      0.997573 423.686623

FF_Mean_RL_minus_Uniform        : +6.227235
GRU_Mean_RL_minus_Uniform       : +5.238969
FF_CVaR_RL_minus_Uniform        : +9.417793
GRU_CVaR_RL_minus_Uniform       : -8.561792
GRU_minus_FF_Mean               : -0.988267
GRU_minus_FF_CVaR               : -17.979585

==============================================================================
R4-E2 DAY 5 SOURCE 09: PASS
==============================================================================
