==============================================================================
R4-E2 ZERO-SHOT RL TRANSFER
TARGET DAY 8 — SOURCE CHECKPOINT 05
==============================================================================
target training       : NONE
target validation     : NONE
target weight updates : NONE
initial distance      : 437.700000
TW scale              : 180.000000
search bank seed      : 20800501
test bank seed        : 20800502
Running RL-FF-Mean...
Running RL-GRU-Mean...
Running Uniform-Mean...
Running RL-FF-CVaR...
Running RL-GRU-CVaR...
Running Uniform-CVaR...
Search-budget gates   : PASS
Weight-immutability   : PASS

      method  distance_km  tard_mean  tard_cvar95  on_time_mean  J_aligned
  RL-FF-Mean        436.9   8.441436    34.110668      0.980014 453.782871
 RL-GRU-Mean        440.1   7.562461    29.721264      0.982351 455.224922
Uniform-Mean        441.5   5.219648    39.602556      0.986000 451.939296
  RL-FF-CVaR        438.6   6.852830    28.369238      0.984000 495.338477
 RL-GRU-CVaR        438.3   7.238228    31.792324      0.983608 501.884648
Uniform-CVaR        440.3   8.379827    36.459055      0.980757 513.218111

FF_Mean_RL_minus_Uniform        : +1.843576
GRU_Mean_RL_minus_Uniform       : +3.285626
FF_CVaR_RL_minus_Uniform        : -17.879634
GRU_CVaR_RL_minus_Uniform       : -11.333462
GRU_minus_FF_Mean               : +1.442051
GRU_minus_FF_CVaR               : +6.546171

==============================================================================
R4-E2 DAY 8 SOURCE 05: PASS
==============================================================================
