==============================================================================
R4-E2 ZERO-SHOT RL TRANSFER
TARGET DAY 3 — SOURCE CHECKPOINT 04
==============================================================================
target training       : NONE
target validation     : NONE
target weight updates : NONE
initial distance      : 396.400000
TW scale              : 180.000000
search bank seed      : 20300401
test bank seed        : 20300402
Running RL-FF-Mean...
Running RL-GRU-Mean...
Running Uniform-Mean...
Running RL-FF-CVaR...
Running RL-GRU-CVaR...
Running Uniform-CVaR...
Search-budget gates   : PASS
Weight-immutability   : PASS

      method  distance_km  tard_mean  tard_cvar95  on_time_mean  J_aligned
  RL-FF-Mean        396.5   1.871404    29.081853      0.996343 400.242808
 RL-GRU-Mean        397.2   1.118295    13.126942      0.995507 399.436590
Uniform-Mean        396.5   1.871404    29.081853      0.996343 400.242808
  RL-FF-CVaR        400.3   0.857620    11.844241      0.996522 423.988483
 RL-GRU-CVaR        396.5   1.871404    29.081853      0.996343 454.663707
Uniform-CVaR        404.8   0.704741    10.785803      0.997537 426.371607

FF_Mean_RL_minus_Uniform        : +0.000000
GRU_Mean_RL_minus_Uniform       : -0.806218
FF_CVaR_RL_minus_Uniform        : -2.383124
GRU_CVaR_RL_minus_Uniform       : +28.292100
GRU_minus_FF_Mean               : -0.806218
GRU_minus_FF_CVaR               : +30.675224

==============================================================================
R4-E2 DAY 3 SOURCE 04: PASS
==============================================================================
