==============================================================================
R4-E2 ZERO-SHOT RL TRANSFER
TARGET DAY 8 — SOURCE CHECKPOINT 08
==============================================================================
target training       : NONE
target validation     : NONE
target weight updates : NONE
initial distance      : 437.700000
TW scale              : 180.000000
search bank seed      : 20800801
test bank seed        : 20800802
Running RL-FF-Mean...
Running RL-GRU-Mean...
Running Uniform-Mean...
Running RL-FF-CVaR...
Running RL-GRU-CVaR...
Running Uniform-CVaR...
Search-budget gates   : PASS
Weight-immutability   : PASS

      method  distance_km  tard_mean  tard_cvar95  on_time_mean  J_aligned
  RL-FF-Mean        442.4   6.139761    32.515979      0.983784 454.679522
 RL-GRU-Mean        441.7   3.999196    30.450046      0.988716 449.698391
Uniform-Mean        438.2   6.562805    47.855523      0.984095 451.325609
  RL-FF-CVaR        447.6   6.200450    26.904058      0.986446 501.408115
 RL-GRU-CVaR        448.3   2.621124    20.419968      0.992919 489.139935
Uniform-CVaR        438.6   7.369096    34.010796      0.983095 506.621593

FF_Mean_RL_minus_Uniform        : +3.353913
GRU_Mean_RL_minus_Uniform       : -1.627218
FF_CVaR_RL_minus_Uniform        : -5.213477
GRU_CVaR_RL_minus_Uniform       : -17.481658
GRU_minus_FF_Mean               : -4.981131
GRU_minus_FF_CVaR               : -12.268180

==============================================================================
R4-E2 DAY 8 SOURCE 08: PASS
==============================================================================
