==============================================================================
R4-E2 ZERO-SHOT RL TRANSFER
TARGET DAY 3 — SOURCE CHECKPOINT 08
==============================================================================
target training       : NONE
target validation     : NONE
target weight updates : NONE
initial distance      : 396.400000
TW scale              : 180.000000
search bank seed      : 20300801
test bank seed        : 20300802
Running RL-FF-Mean...
Running RL-GRU-Mean...
Running Uniform-Mean...
Running RL-FF-CVaR...
Running RL-GRU-CVaR...
Running Uniform-CVaR...
Search-budget gates   : PASS
Weight-immutability   : PASS

      method  distance_km  tard_mean  tard_cvar95  on_time_mean  J_aligned
  RL-FF-Mean        397.2   1.040243    11.288206      0.995343 399.280486
 RL-GRU-Mean        397.9   1.704892    24.715142      0.996075 401.309783
Uniform-Mean        397.2   1.040243    11.288206      0.995343 399.280486
  RL-FF-CVaR        397.6   0.972871    10.879842      0.995567 419.359685
 RL-GRU-CVaR        400.8   0.779566     9.664768      0.996418 420.129537
Uniform-CVaR        398.1   0.954166    10.659325      0.995627 419.418651

FF_Mean_RL_minus_Uniform        : +0.000000
GRU_Mean_RL_minus_Uniform       : +2.029297
FF_CVaR_RL_minus_Uniform        : -0.058966
GRU_CVaR_RL_minus_Uniform       : +0.710886
GRU_minus_FF_Mean               : +2.029297
GRU_minus_FF_CVaR               : +0.769852

==============================================================================
R4-E2 DAY 3 SOURCE 08: PASS
==============================================================================
