==============================================================================
R4-E2 ZERO-SHOT RL TRANSFER
TARGET DAY 7 — SOURCE CHECKPOINT 03
==============================================================================
target training       : NONE
target validation     : NONE
target weight updates : NONE
initial distance      : 363.400000
TW scale              : 180.000000
search bank seed      : 20700301
test bank seed        : 20700302
Running RL-FF-Mean...
Running RL-GRU-Mean...
Running Uniform-Mean...
Running RL-FF-CVaR...
Running RL-GRU-CVaR...
Running Uniform-CVaR...
Search-budget gates   : PASS
Weight-immutability   : PASS

      method  distance_km  tard_mean  tard_cvar95  on_time_mean  J_aligned
  RL-FF-Mean        367.8   3.241411    29.665981      0.990667 374.282822
 RL-GRU-Mean        369.8   0.894245    11.201444      0.996303 371.588489
Uniform-Mean        366.6   2.196907    26.712166      0.993879 370.993813
  RL-FF-CVaR        370.1   1.016266    11.770192      0.996742 393.640384
 RL-GRU-CVaR        384.5   0.033616     0.672330      0.999894 385.844659
Uniform-CVaR        369.8   0.011639     0.232780      0.999879 370.265560

FF_Mean_RL_minus_Uniform        : +3.289009
GRU_Mean_RL_minus_Uniform       : +0.594676
FF_CVaR_RL_minus_Uniform        : +23.374824
GRU_CVaR_RL_minus_Uniform       : +15.579099
GRU_minus_FF_Mean               : -2.694333
GRU_minus_FF_CVaR               : -7.795725

==============================================================================
R4-E2 DAY 7 SOURCE 03: PASS
==============================================================================
