==============================================================================
R4-E2 ZERO-SHOT RL TRANSFER
TARGET DAY 7 — SOURCE CHECKPOINT 08
==============================================================================
target training       : NONE
target validation     : NONE
target weight updates : NONE
initial distance      : 363.400000
TW scale              : 180.000000
search bank seed      : 20700801
test bank seed        : 20700802
Running RL-FF-Mean...
Running RL-GRU-Mean...
Running Uniform-Mean...
Running RL-FF-CVaR...
Running RL-GRU-CVaR...
Running Uniform-CVaR...
Search-budget gates   : PASS
Weight-immutability   : PASS

      method  distance_km  tard_mean  tard_cvar95  on_time_mean  J_aligned
  RL-FF-Mean        365.2   2.563258    23.407207      0.992348 370.326515
 RL-GRU-Mean        365.7   1.180937    16.942725      0.995515 368.061874
Uniform-Mean        365.9   2.442579    22.989047      0.993091 370.785159
  RL-FF-CVaR        377.1   1.196674    15.297081      0.995303 407.694161
 RL-GRU-CVaR        366.8   1.990535    26.097961      0.994318 418.995922
Uniform-CVaR        374.2   0.123654     2.473074      0.999591 379.146148

FF_Mean_RL_minus_Uniform        : -0.458644
GRU_Mean_RL_minus_Uniform       : -2.723285
FF_CVaR_RL_minus_Uniform        : +28.548014
GRU_CVaR_RL_minus_Uniform       : +39.849775
GRU_minus_FF_Mean               : -2.264642
GRU_minus_FF_CVaR               : +11.301761

==============================================================================
R4-E2 DAY 7 SOURCE 08: PASS
==============================================================================
