==============================================================================
R4-E2 ZERO-SHOT RL TRANSFER
TARGET DAY 4 — SOURCE CHECKPOINT 05
==============================================================================
target training       : NONE
target validation     : NONE
target weight updates : NONE
initial distance      : 419.200000
TW scale              : 180.000000
search bank seed      : 20400501
test bank seed        : 20400502
Running RL-FF-Mean...
Running RL-GRU-Mean...
Running Uniform-Mean...
Running RL-FF-CVaR...
Running RL-GRU-CVaR...
Running Uniform-CVaR...
Search-budget gates   : PASS
Weight-immutability   : PASS

      method  distance_km  tard_mean  tard_cvar95  on_time_mean  J_aligned
  RL-FF-Mean        418.4   8.024222    31.742272      0.982928 434.448443
 RL-GRU-Mean        418.1   8.461926    34.678302      0.981710 435.023851
Uniform-Mean        431.9   2.014796    16.253641      0.995029 435.929592
  RL-FF-CVaR        431.5   1.642778    15.147045      0.995522 461.794090
 RL-GRU-CVaR        429.5   1.869906    16.257896      0.994261 462.015793
Uniform-CVaR        422.1   2.750418    18.432554      0.990594 458.965108

FF_Mean_RL_minus_Uniform        : -1.481149
GRU_Mean_RL_minus_Uniform       : -0.905741
FF_CVaR_RL_minus_Uniform        : +2.828982
GRU_CVaR_RL_minus_Uniform       : +3.050685
GRU_minus_FF_Mean               : +0.575408
GRU_minus_FF_CVaR               : +0.221703

==============================================================================
R4-E2 DAY 4 SOURCE 05: PASS
==============================================================================
