==============================================================================
R4-E2 ZERO-SHOT RL TRANSFER
TARGET DAY 4 — SOURCE CHECKPOINT 04
==============================================================================
target training       : NONE
target validation     : NONE
target weight updates : NONE
initial distance      : 419.200000
TW scale              : 180.000000
search bank seed      : 20400401
test bank seed        : 20400402
Running RL-FF-Mean...
Running RL-GRU-Mean...
Running Uniform-Mean...
Running RL-FF-CVaR...
Running RL-GRU-CVaR...
Running Uniform-CVaR...
Search-budget gates   : PASS
Weight-immutability   : PASS

      method  distance_km  tard_mean  tard_cvar95  on_time_mean  J_aligned
  RL-FF-Mean        430.2   2.410900    14.608153      0.991420 435.021800
 RL-GRU-Mean        427.5   2.469934    20.681121      0.993261 432.439869
Uniform-Mean        430.2   2.410900    14.608153      0.991420 435.021800
  RL-FF-CVaR        425.9   2.060495    16.055178      0.994464 458.010356
 RL-GRU-CVaR        430.1   2.849014    21.550281      0.993319 473.200562
Uniform-CVaR        438.9   1.268608    15.394975      0.995217 469.689950

FF_Mean_RL_minus_Uniform        : +0.000000
GRU_Mean_RL_minus_Uniform       : -2.581931
FF_CVaR_RL_minus_Uniform        : -11.679595
GRU_CVaR_RL_minus_Uniform       : +3.510611
GRU_minus_FF_Mean               : -2.581931
GRU_minus_FF_CVaR               : +15.190206

==============================================================================
R4-E2 DAY 4 SOURCE 04: PASS
==============================================================================
