==============================================================================
R4-E2 ZERO-SHOT RL TRANSFER
TARGET DAY 6 — SOURCE CHECKPOINT 02
==============================================================================
target training       : NONE
target validation     : NONE
target weight updates : NONE
initial distance      : 370.700000
TW scale              : 180.000000
search bank seed      : 20600201
test bank seed        : 20600202
Running RL-FF-Mean...
Running RL-GRU-Mean...
Running Uniform-Mean...
Running RL-FF-CVaR...
Running RL-GRU-CVaR...
Running Uniform-CVaR...
Search-budget gates   : PASS
Weight-immutability   : PASS

      method  distance_km  tard_mean  tard_cvar95  on_time_mean  J_aligned
  RL-FF-Mean        372.2   3.349394    23.503489      0.991714 378.898788
 RL-GRU-Mean        376.7   4.078312    24.258985      0.986870 384.856623
Uniform-Mean        381.9   2.613163    27.139531      0.994792 387.126326
  RL-FF-CVaR        383.2   2.308993    21.387618      0.993805 425.975235
 RL-GRU-CVaR        383.8   0.217925     4.300189      0.999143 392.400377
Uniform-CVaR        381.0   4.023263    24.642521      0.988883 430.285042

FF_Mean_RL_minus_Uniform        : -8.227538
GRU_Mean_RL_minus_Uniform       : -2.269703
FF_CVaR_RL_minus_Uniform        : -4.309807
GRU_CVaR_RL_minus_Uniform       : -37.884665
GRU_minus_FF_Mean               : +5.957835
GRU_minus_FF_CVaR               : -33.574858

==============================================================================
R4-E2 DAY 6 SOURCE 02: PASS
==============================================================================
