==============================================================================
R4-E2 ZERO-SHOT RL TRANSFER
TARGET DAY 8 — SOURCE CHECKPOINT 06
==============================================================================
target training       : NONE
target validation     : NONE
target weight updates : NONE
initial distance      : 437.700000
TW scale              : 180.000000
search bank seed      : 20800601
test bank seed        : 20800602
Running RL-FF-Mean...
Running RL-GRU-Mean...
Running Uniform-Mean...
Running RL-FF-CVaR...
Running RL-GRU-CVaR...
Running Uniform-CVaR...
Search-budget gates   : PASS
Weight-immutability   : PASS

      method  distance_km  tard_mean  tard_cvar95  on_time_mean  J_aligned
  RL-FF-Mean        436.9   8.764228    40.280671      0.979473 454.428456
 RL-GRU-Mean        436.7   9.756373    45.118459      0.977770 456.212745
Uniform-Mean        446.0   4.660897    36.412005      0.985189 455.321794
  RL-FF-CVaR        449.0   1.896384    18.117965      0.994514 485.235929
 RL-GRU-CVaR        447.0   2.800865    20.465248      0.991392 487.930495
Uniform-CVaR        443.1   3.984027    28.275374      0.989662 499.650749

FF_Mean_RL_minus_Uniform        : -0.893338
GRU_Mean_RL_minus_Uniform       : +0.890951
FF_CVaR_RL_minus_Uniform        : -14.414820
GRU_CVaR_RL_minus_Uniform       : -11.720254
GRU_minus_FF_Mean               : +1.784289
GRU_minus_FF_CVaR               : +2.694566

==============================================================================
R4-E2 DAY 8 SOURCE 06: PASS
==============================================================================
