==============================================================================
R4-E2 ZERO-SHOT RL TRANSFER
TARGET DAY 6 — SOURCE CHECKPOINT 04
==============================================================================
target training       : NONE
target validation     : NONE
target weight updates : NONE
initial distance      : 370.700000
TW scale              : 180.000000
search bank seed      : 20600401
test bank seed        : 20600402
Running RL-FF-Mean...
Running RL-GRU-Mean...
Running Uniform-Mean...
Running RL-FF-CVaR...
Running RL-GRU-CVaR...
Running Uniform-CVaR...
Search-budget gates   : PASS
Weight-immutability   : PASS

      method  distance_km  tard_mean  tard_cvar95  on_time_mean  J_aligned
  RL-FF-Mean        374.9   5.391471    43.449836      0.987935 385.682941
 RL-GRU-Mean        372.6   8.240753    44.695052      0.982364 389.081507
Uniform-Mean        374.1   2.839529    32.179871      0.994558 379.779059
  RL-FF-CVaR        384.7   0.387613     7.752254      0.998974 400.204509
 RL-GRU-CVaR        379.8   1.274936    12.577452      0.995091 404.954903
Uniform-CVaR        377.9   0.104531     2.090616      0.999662 382.081233

FF_Mean_RL_minus_Uniform        : +5.903883
GRU_Mean_RL_minus_Uniform       : +9.302448
FF_CVaR_RL_minus_Uniform        : +18.123276
GRU_CVaR_RL_minus_Uniform       : +22.873671
GRU_minus_FF_Mean               : +3.398566
GRU_minus_FF_CVaR               : +4.750395

==============================================================================
R4-E2 DAY 6 SOURCE 04: PASS
==============================================================================
