==============================================================================
R4-E2 ZERO-SHOT RL TRANSFER
TARGET DAY 3 — SOURCE CHECKPOINT 05
==============================================================================
target training       : NONE
target validation     : NONE
target weight updates : NONE
initial distance      : 396.400000
TW scale              : 180.000000
search bank seed      : 20300501
test bank seed        : 20300502
Running RL-FF-Mean...
Running RL-GRU-Mean...
Running Uniform-Mean...
Running RL-FF-CVaR...
Running RL-GRU-CVaR...
Running Uniform-CVaR...
Search-budget gates   : PASS
Weight-immutability   : PASS

      method  distance_km  tard_mean  tard_cvar95  on_time_mean  J_aligned
  RL-FF-Mean        397.0   0.636243     9.741941      0.997493 398.272487
 RL-GRU-Mean        397.0   0.636243     9.741941      0.997493 398.272487
Uniform-Mean        396.9   0.632481     9.741941      0.997507 398.164963
  RL-FF-CVaR        399.9   0.712230     9.460306      0.996627 418.820612
 RL-GRU-CVaR        401.0   1.094449    17.404038      0.996373 435.808075
Uniform-CVaR        397.2   0.913838    10.434086      0.995791 418.068173

FF_Mean_RL_minus_Uniform        : +0.107524
GRU_Mean_RL_minus_Uniform       : +0.107524
FF_CVaR_RL_minus_Uniform        : +0.752439
GRU_CVaR_RL_minus_Uniform       : +17.739902
GRU_minus_FF_Mean               : +0.000000
GRU_minus_FF_CVaR               : +16.987463

==============================================================================
R4-E2 DAY 3 SOURCE 05: PASS
==============================================================================
