==============================================================================
R4-E2 ZERO-SHOT RL TRANSFER
TARGET DAY 2 — SOURCE CHECKPOINT 05
==============================================================================
target training       : NONE
target validation     : NONE
target weight updates : NONE
initial distance      : 410.500000
TW scale              : 180.000000
search bank seed      : 20200501
test bank seed        : 20200502
Running RL-FF-Mean...
Running RL-GRU-Mean...
Running Uniform-Mean...
Running RL-FF-CVaR...
Running RL-GRU-CVaR...
Running Uniform-CVaR...
Search-budget gates   : PASS
Weight-immutability   : PASS

      method  distance_km  tard_mean  tard_cvar95  on_time_mean  J_aligned
  RL-FF-Mean        413.4   2.226944    18.476046      0.991381 417.853888
 RL-GRU-Mean        410.4   4.174342    20.443355      0.981825 418.748683
Uniform-Mean        421.6   0.917264    14.116623      0.997159 423.434529
  RL-FF-CVaR        414.3   1.105505     9.578306      0.993651 433.456612
 RL-GRU-CVaR        415.0   0.213537     3.110090      0.997968 421.220179
Uniform-CVaR        418.0   0.220223     3.834974      0.998429 425.669949

FF_Mean_RL_minus_Uniform        : -5.580640
GRU_Mean_RL_minus_Uniform       : -4.685845
FF_CVaR_RL_minus_Uniform        : +7.786663
GRU_CVaR_RL_minus_Uniform       : -4.449769
GRU_minus_FF_Mean               : +0.894795
GRU_minus_FF_CVaR               : -12.236433

==============================================================================
R4-E2 DAY 2 SOURCE 05: PASS
==============================================================================
