==============================================================================
R4-E2 ZERO-SHOT RL TRANSFER
TARGET DAY 5 — SOURCE CHECKPOINT 03
==============================================================================
target training       : NONE
target validation     : NONE
target weight updates : NONE
initial distance      : 395.500000
TW scale              : 180.000000
search bank seed      : 20500301
test bank seed        : 20500302
Running RL-FF-Mean...
Running RL-GRU-Mean...
Running Uniform-Mean...
Running RL-FF-CVaR...
Running RL-GRU-CVaR...
Running Uniform-CVaR...
Search-budget gates   : PASS
Weight-immutability   : PASS

      method  distance_km  tard_mean  tard_cvar95  on_time_mean  J_aligned
  RL-FF-Mean        397.6   1.441416    14.997051      0.996373 400.482831
 RL-GRU-Mean        404.9   3.382071    30.437083      0.992067 411.664143
Uniform-Mean        401.0   3.493636    22.968779      0.988133 407.987272
  RL-FF-CVaR        414.1   0.679898     9.981598      0.998147 434.063195
 RL-GRU-CVaR        401.8   2.387615    18.681854      0.993120 439.163708
Uniform-CVaR        410.4   0.818018    11.223488      0.997227 432.846975

FF_Mean_RL_minus_Uniform        : -7.504440
GRU_Mean_RL_minus_Uniform       : +3.676871
FF_CVaR_RL_minus_Uniform        : +1.216220
GRU_CVaR_RL_minus_Uniform       : +6.316733
GRU_minus_FF_Mean               : +11.181312
GRU_minus_FF_CVaR               : +5.100512

==============================================================================
R4-E2 DAY 5 SOURCE 03: PASS
==============================================================================
