==============================================================================
R4-E2 ZERO-SHOT RL TRANSFER
TARGET DAY 3 — SOURCE CHECKPOINT 07
==============================================================================
target training       : NONE
target validation     : NONE
target weight updates : NONE
initial distance      : 396.400000
TW scale              : 180.000000
search bank seed      : 20300701
test bank seed        : 20300702
Running RL-FF-Mean...
Running RL-GRU-Mean...
Running Uniform-Mean...
Running RL-FF-CVaR...
Running RL-GRU-CVaR...
Running Uniform-CVaR...
Search-budget gates   : PASS
Weight-immutability   : PASS

      method  distance_km  tard_mean  tard_cvar95  on_time_mean  J_aligned
  RL-FF-Mean        401.2   1.327322    11.804590      0.994716 403.854644
 RL-GRU-Mean        401.2   0.867803    11.665788      0.995910 402.935606
Uniform-Mean        397.6   1.215589    18.167262      0.996746 400.031177
  RL-FF-CVaR        398.0   0.873959    10.918312      0.995269 419.836624
 RL-GRU-CVaR        399.0   0.878230    10.981187      0.995239 420.962374
Uniform-CVaR        401.9   1.980771    17.101050      0.992642 436.102100

FF_Mean_RL_minus_Uniform        : +3.823467
GRU_Mean_RL_minus_Uniform       : +2.904429
FF_CVaR_RL_minus_Uniform        : -16.265475
GRU_CVaR_RL_minus_Uniform       : -15.139726
GRU_minus_FF_Mean               : -0.919038
GRU_minus_FF_CVaR               : +1.125750

==============================================================================
R4-E2 DAY 3 SOURCE 07: PASS
==============================================================================
