==============================================================================
R4-E2 ZERO-SHOT RL TRANSFER
TARGET DAY 2 — SOURCE CHECKPOINT 03
==============================================================================
target training       : NONE
target validation     : NONE
target weight updates : NONE
initial distance      : 410.500000
TW scale              : 180.000000
search bank seed      : 20200301
test bank seed        : 20200302
Running RL-FF-Mean...
Running RL-GRU-Mean...
Running Uniform-Mean...
Running RL-FF-CVaR...
Running RL-GRU-CVaR...
Running Uniform-CVaR...
Search-budget gates   : PASS
Weight-immutability   : PASS

      method  distance_km  tard_mean  tard_cvar95  on_time_mean  J_aligned
  RL-FF-Mean        410.8   1.204642     8.084799      0.990000 413.209284
 RL-GRU-Mean        409.6   1.722747    11.209289      0.987175 413.045493
Uniform-Mean        411.5   1.211960     8.084799      0.989873 413.923919
  RL-FF-CVaR        417.7   1.531155    13.722509      0.992762 445.145018
 RL-GRU-CVaR        414.4   1.342334     8.300095      0.989063 431.000191
Uniform-CVaR        416.8   1.019369    11.268551      0.995333 439.337101

FF_Mean_RL_minus_Uniform        : -0.714635
GRU_Mean_RL_minus_Uniform       : -0.878426
FF_CVaR_RL_minus_Uniform        : +5.807916
GRU_CVaR_RL_minus_Uniform       : -8.336911
GRU_minus_FF_Mean               : -0.163791
GRU_minus_FF_CVaR               : -14.144827

==============================================================================
R4-E2 DAY 2 SOURCE 03: PASS
==============================================================================
