==============================================================================
R4-E2 ZERO-SHOT RL TRANSFER
TARGET DAY 2 — SOURCE CHECKPOINT 04
==============================================================================
target training       : NONE
target validation     : NONE
target weight updates : NONE
initial distance      : 410.500000
TW scale              : 180.000000
search bank seed      : 20200401
test bank seed        : 20200402
Running RL-FF-Mean...
Running RL-GRU-Mean...
Running Uniform-Mean...
Running RL-FF-CVaR...
Running RL-GRU-CVaR...
Running Uniform-CVaR...
Search-budget gates   : PASS
Weight-immutability   : PASS

      method  distance_km  tard_mean  tard_cvar95  on_time_mean  J_aligned
  RL-FF-Mean        410.2   1.593171    10.885357      0.987714 413.386341
 RL-GRU-Mean        410.8   0.636001     6.824058      0.995778 412.072003
Uniform-Mean        414.3   1.686819    14.581203      0.993587 417.673638
  RL-FF-CVaR        413.1   1.622521    17.762926      0.994127 448.625851
 RL-GRU-CVaR        413.9   1.566821    17.857065      0.994222 449.614130
Uniform-CVaR        419.2   1.035984     9.905472      0.994365 439.010944

FF_Mean_RL_minus_Uniform        : -4.287297
GRU_Mean_RL_minus_Uniform       : -5.601635
FF_CVaR_RL_minus_Uniform        : +9.614907
GRU_CVaR_RL_minus_Uniform       : +10.603186
GRU_minus_FF_Mean               : -1.314338
GRU_minus_FF_CVaR               : +0.988278

==============================================================================
R4-E2 DAY 2 SOURCE 04: PASS
==============================================================================
