==============================================================================
R4-E2 ZERO-SHOT RL TRANSFER
TARGET DAY 3 — SOURCE CHECKPOINT 02
==============================================================================
target training       : NONE
target validation     : NONE
target weight updates : NONE
initial distance      : 396.400000
TW scale              : 180.000000
search bank seed      : 20300201
test bank seed        : 20300202
Running RL-FF-Mean...
Running RL-GRU-Mean...
Running Uniform-Mean...
Running RL-FF-CVaR...
Running RL-GRU-CVaR...
Running Uniform-CVaR...
Search-budget gates   : PASS
Weight-immutability   : PASS

      method  distance_km  tard_mean  tard_cvar95  on_time_mean  J_aligned
  RL-FF-Mean        396.6   1.387358    22.604351      0.996716 399.374716
 RL-GRU-Mean        397.2   0.959781    12.263369      0.995642 399.119563
Uniform-Mean        396.4   5.004924    23.730055      0.984000 406.409849
  RL-FF-CVaR        406.6   0.795005    11.362217      0.996627 429.324434
 RL-GRU-CVaR        408.4   1.015064    13.397886      0.995940 435.195771
Uniform-CVaR        399.7   0.427603     7.440052      0.998209 414.580104

FF_Mean_RL_minus_Uniform        : -7.035132
GRU_Mean_RL_minus_Uniform       : -7.290286
FF_CVaR_RL_minus_Uniform        : +14.744330
GRU_CVaR_RL_minus_Uniform       : +20.615667
GRU_minus_FF_Mean               : -0.255154
GRU_minus_FF_CVaR               : +5.871337

==============================================================================
R4-E2 DAY 3 SOURCE 02: PASS
==============================================================================
