==============================================================================
R4-E2 ZERO-SHOT RL TRANSFER
TARGET DAY 8 — SOURCE CHECKPOINT 01
==============================================================================
target training       : NONE
target validation     : NONE
target weight updates : NONE
initial distance      : 437.700000
TW scale              : 180.000000
search bank seed      : 20800101
test bank seed        : 20800102
Running RL-FF-Mean...
Running RL-GRU-Mean...
Running Uniform-Mean...
Running RL-FF-CVaR...
Running RL-GRU-CVaR...
Running Uniform-CVaR...
Search-budget gates   : PASS
Weight-immutability   : PASS

      method  distance_km  tard_mean  tard_cvar95  on_time_mean  J_aligned
  RL-FF-Mean        441.6   1.762521    17.535452      0.994324 445.125042
 RL-GRU-Mean        436.3   7.743473    37.692787      0.982014 451.786946
Uniform-Mean        436.3   7.743473    37.692787      0.982014 451.786946
  RL-FF-CVaR        444.1   1.532984    16.742614      0.995797 477.585228
 RL-GRU-CVaR        449.9   0.798451     9.972783      0.997014 469.845565
Uniform-CVaR        443.4   2.232224    16.463027      0.991527 476.326054

FF_Mean_RL_minus_Uniform        : -6.661904
GRU_Mean_RL_minus_Uniform       : +0.000000
FF_CVaR_RL_minus_Uniform        : +1.259174
GRU_CVaR_RL_minus_Uniform       : -6.480489
GRU_minus_FF_Mean               : +6.661904
GRU_minus_FF_CVaR               : -7.739663

==============================================================================
R4-E2 DAY 8 SOURCE 01: PASS
==============================================================================
