==============================================================================
R4-E2 ZERO-SHOT RL TRANSFER
TARGET DAY 3 — SOURCE CHECKPOINT 10
==============================================================================
target training       : NONE
target validation     : NONE
target weight updates : NONE
initial distance      : 396.400000
TW scale              : 180.000000
search bank seed      : 20301001
test bank seed        : 20301002
Running RL-FF-Mean...
Running RL-GRU-Mean...
Running Uniform-Mean...
Running RL-FF-CVaR...
Running RL-GRU-CVaR...
Running Uniform-CVaR...
Search-budget gates   : PASS
Weight-immutability   : PASS

      method  distance_km  tard_mean  tard_cvar95  on_time_mean  J_aligned
  RL-FF-Mean        401.6   1.577969    22.392218      0.994731 404.755937
 RL-GRU-Mean        401.9   1.513704    21.575506      0.996090 404.927409
Uniform-Mean        397.3   1.434441    21.259342      0.996567 400.168881
  RL-FF-CVaR        396.5   1.293845    20.430787      0.996836 437.361574
 RL-GRU-CVaR        398.6   0.489851     7.419692      0.997716 413.439384
Uniform-CVaR        398.1   1.244059    12.961084      0.994910 424.022167

FF_Mean_RL_minus_Uniform        : +4.587056
GRU_Mean_RL_minus_Uniform       : +4.758527
FF_CVaR_RL_minus_Uniform        : +13.339407
GRU_CVaR_RL_minus_Uniform       : -10.582783
GRU_minus_FF_Mean               : +0.171472
GRU_minus_FF_CVaR               : -23.922190

==============================================================================
R4-E2 DAY 3 SOURCE 10: PASS
==============================================================================
