==============================================================================
R4-E2 ZERO-SHOT RL TRANSFER
TARGET DAY 2 — SOURCE CHECKPOINT 01
==============================================================================
target training       : NONE
target validation     : NONE
target weight updates : NONE
initial distance      : 410.500000
TW scale              : 180.000000
search bank seed      : 20200101
test bank seed        : 20200102
Running RL-FF-Mean...
Running RL-GRU-Mean...
Running Uniform-Mean...
Running RL-FF-CVaR...
Running RL-GRU-CVaR...
Running Uniform-CVaR...
Search-budget gates   : PASS
Weight-immutability   : PASS

      method  distance_km  tard_mean  tard_cvar95  on_time_mean  J_aligned
  RL-FF-Mean        412.5   0.972173    12.610510      0.996619 414.444345
 RL-GRU-Mean        415.1   1.157060    12.052397      0.995333 417.414120
Uniform-Mean        410.8   0.648346     6.430893      0.995571 412.096691
  RL-FF-CVaR        414.2   0.160928     2.822930      0.998651 419.845861
 RL-GRU-CVaR        415.1   0.053288     1.065751      0.999651 417.231502
Uniform-CVaR        412.5   1.106096    10.984279      0.995270 434.468557

FF_Mean_RL_minus_Uniform        : +2.347654
GRU_Mean_RL_minus_Uniform       : +5.317428
FF_CVaR_RL_minus_Uniform        : -14.622697
GRU_CVaR_RL_minus_Uniform       : -17.237056
GRU_minus_FF_Mean               : +2.969774
GRU_minus_FF_CVaR               : -2.614359

==============================================================================
R4-E2 DAY 2 SOURCE 01: PASS
==============================================================================
