==============================================================================
R4-E2 ZERO-SHOT RL TRANSFER
TARGET DAY 5 — SOURCE CHECKPOINT 07
==============================================================================
target training       : NONE
target validation     : NONE
target weight updates : NONE
initial distance      : 395.500000
TW scale              : 180.000000
search bank seed      : 20500701
test bank seed        : 20500702
Running RL-FF-Mean...
Running RL-GRU-Mean...
Running Uniform-Mean...
Running RL-FF-CVaR...
Running RL-GRU-CVaR...
Running Uniform-CVaR...
Search-budget gates   : PASS
Weight-immutability   : PASS

      method  distance_km  tard_mean  tard_cvar95  on_time_mean  J_aligned
  RL-FF-Mean        398.1   2.670682    21.086827      0.993573 403.441364
 RL-GRU-Mean        397.5   2.263990    23.519077      0.993773 402.027981
Uniform-Mean        395.3   0.516975    10.046037      0.999053 396.333949
  RL-FF-CVaR        395.0   0.365461     7.267017      0.999200 409.534034
 RL-GRU-CVaR        398.7   0.700205     9.237860      0.997640 417.175721
Uniform-CVaR        398.1   0.364076     7.140171      0.999147 412.380341

FF_Mean_RL_minus_Uniform        : +7.107414
GRU_Mean_RL_minus_Uniform       : +5.694032
FF_CVaR_RL_minus_Uniform        : -2.846307
GRU_CVaR_RL_minus_Uniform       : +4.795380
GRU_minus_FF_Mean               : -1.413383
GRU_minus_FF_CVaR               : +7.641687

==============================================================================
R4-E2 DAY 5 SOURCE 07: PASS
==============================================================================
