==============================================================================
R4-E2 ZERO-SHOT RL TRANSFER
TARGET DAY 3 — SOURCE CHECKPOINT 03
==============================================================================
target training       : NONE
target validation     : NONE
target weight updates : NONE
initial distance      : 396.400000
TW scale              : 180.000000
search bank seed      : 20300301
test bank seed        : 20300302
Running RL-FF-Mean...
Running RL-GRU-Mean...
Running Uniform-Mean...
Running RL-FF-CVaR...
Running RL-GRU-CVaR...
Running Uniform-CVaR...
Search-budget gates   : PASS
Weight-immutability   : PASS

      method  distance_km  tard_mean  tard_cvar95  on_time_mean  J_aligned
  RL-FF-Mean        396.5   1.647399    20.520865      0.995896 399.794799
 RL-GRU-Mean        397.8   1.040787    13.540848      0.995657 399.881573
Uniform-Mean        396.9   0.812173    13.433970      0.997343 398.524345
  RL-FF-CVaR        397.6   0.871835    10.636225      0.995776 418.872450
 RL-GRU-CVaR        397.2   1.062782    13.692809      0.995537 424.585619
Uniform-CVaR        396.4   0.642269    10.866888      0.997821 418.133776

FF_Mean_RL_minus_Uniform        : +1.270454
GRU_Mean_RL_minus_Uniform       : +1.357228
FF_CVaR_RL_minus_Uniform        : +0.738673
GRU_CVaR_RL_minus_Uniform       : +6.451842
GRU_minus_FF_Mean               : +0.086774
GRU_minus_FF_CVaR               : +5.713169

==============================================================================
R4-E2 DAY 3 SOURCE 03: PASS
==============================================================================
