==============================================================================
R4-E2 ZERO-SHOT RL TRANSFER
TARGET DAY 8 — SOURCE CHECKPOINT 09
==============================================================================
target training       : NONE
target validation     : NONE
target weight updates : NONE
initial distance      : 437.700000
TW scale              : 180.000000
search bank seed      : 20800901
test bank seed        : 20800902
Running RL-FF-Mean...
Running RL-GRU-Mean...
Running Uniform-Mean...
Running RL-FF-CVaR...
Running RL-GRU-CVaR...
Running Uniform-CVaR...
Search-budget gates   : PASS
Weight-immutability   : PASS

      method  distance_km  tard_mean  tard_cvar95  on_time_mean  J_aligned
  RL-FF-Mean        440.4   6.108044    25.773316      0.986365 452.616088
 RL-GRU-Mean        439.9   7.432476    32.901886      0.982095 454.764953
Uniform-Mean        442.9   5.634545    37.391209      0.985797 454.169089
  RL-FF-CVaR        447.1   6.109937    25.964858      0.986378 499.029716
 RL-GRU-CVaR        443.5   4.901978    27.352139      0.984432 498.204278
Uniform-CVaR        450.9   2.956780    20.429936      0.992230 491.759872

FF_Mean_RL_minus_Uniform        : -1.553001
GRU_Mean_RL_minus_Uniform       : +0.595863
FF_CVaR_RL_minus_Uniform        : +7.269844
GRU_CVaR_RL_minus_Uniform       : +6.444406
GRU_minus_FF_Mean               : +2.148865
GRU_minus_FF_CVaR               : -0.825437

==============================================================================
R4-E2 DAY 8 SOURCE 09: PASS
==============================================================================
