==============================================================================
R4-E2 ZERO-SHOT RL TRANSFER
TARGET DAY 5 — SOURCE CHECKPOINT 02
==============================================================================
target training       : NONE
target validation     : NONE
target weight updates : NONE
initial distance      : 395.500000
TW scale              : 180.000000
search bank seed      : 20500201
test bank seed        : 20500202
Running RL-FF-Mean...
Running RL-GRU-Mean...
Running Uniform-Mean...
Running RL-FF-CVaR...
Running RL-GRU-CVaR...
Running Uniform-CVaR...
Search-budget gates   : PASS
Weight-immutability   : PASS

      method  distance_km  tard_mean  tard_cvar95  on_time_mean  J_aligned
  RL-FF-Mean        399.3   0.627964     8.680332      0.997600 400.555928
 RL-GRU-Mean        400.9   1.040604    13.651319      0.996933 402.981207
Uniform-Mean        395.9   0.153640     3.018025      0.999160 396.207280
  RL-FF-CVaR        419.5   3.227047    19.185919      0.986240 457.871838
 RL-GRU-CVaR        414.1   0.565630     7.562162      0.997467 429.224324
Uniform-CVaR        419.7   0.187061     3.267807      0.998813 426.235615

FF_Mean_RL_minus_Uniform        : +4.348648
GRU_Mean_RL_minus_Uniform       : +6.773927
FF_CVaR_RL_minus_Uniform        : +31.636223
GRU_CVaR_RL_minus_Uniform       : +2.988709
GRU_minus_FF_Mean               : +2.425280
GRU_minus_FF_CVaR               : -28.647514

==============================================================================
R4-E2 DAY 5 SOURCE 02: PASS
==============================================================================
