==============================================================================
R4-E2 ZERO-SHOT RL TRANSFER
TARGET DAY 4 — SOURCE CHECKPOINT 07
==============================================================================
target training       : NONE
target validation     : NONE
target weight updates : NONE
initial distance      : 419.200000
TW scale              : 180.000000
search bank seed      : 20400701
test bank seed        : 20400702
Running RL-FF-Mean...
Running RL-GRU-Mean...
Running Uniform-Mean...
Running RL-FF-CVaR...
Running RL-GRU-CVaR...
Running Uniform-CVaR...
Search-budget gates   : PASS
Weight-immutability   : PASS

      method  distance_km  tard_mean  tard_cvar95  on_time_mean  J_aligned
  RL-FF-Mean        433.3   1.927279    15.569864      0.994696 437.154558
 RL-GRU-Mean        421.3   2.499160    18.496611      0.992696 426.298321
Uniform-Mean        426.1   3.153365    20.609393      0.991116 432.406729
  RL-FF-CVaR        440.8   0.130822     2.616447      0.999493 446.032894
 RL-GRU-CVaR        428.5   2.024340    17.795031      0.994145 464.090062
Uniform-CVaR        431.4   1.574484    14.323300      0.995768 460.046600

FF_Mean_RL_minus_Uniform        : +4.747829
GRU_Mean_RL_minus_Uniform       : -6.108408
FF_CVaR_RL_minus_Uniform        : -14.013706
GRU_CVaR_RL_minus_Uniform       : +4.043462
GRU_minus_FF_Mean               : -10.856237
GRU_minus_FF_CVaR               : +18.057168

==============================================================================
R4-E2 DAY 4 SOURCE 07: PASS
==============================================================================
