==============================================================================
R4-E2 ZERO-SHOT RL TRANSFER
TARGET DAY 7 — SOURCE CHECKPOINT 09
==============================================================================
target training       : NONE
target validation     : NONE
target weight updates : NONE
initial distance      : 363.400000
TW scale              : 180.000000
search bank seed      : 20700901
test bank seed        : 20700902
Running RL-FF-Mean...
Running RL-GRU-Mean...
Running Uniform-Mean...
Running RL-FF-CVaR...
Running RL-GRU-CVaR...
Running Uniform-CVaR...
Search-budget gates   : PASS
Weight-immutability   : PASS

      method  distance_km  tard_mean  tard_cvar95  on_time_mean  J_aligned
  RL-FF-Mean        367.3   2.485628    32.445623      0.995182 372.271257
 RL-GRU-Mean        363.7   5.977054    40.926427      0.985621 375.654107
Uniform-Mean        368.9   0.850543    15.963886      0.998364 370.601085
  RL-FF-CVaR        379.0   0.381680     5.987499      0.997864 390.974997
 RL-GRU-CVaR        379.1   0.260456     5.152626      0.999061 389.405253
Uniform-CVaR        379.0   0.068103     1.362062      0.999773 381.724124

FF_Mean_RL_minus_Uniform        : +1.670171
GRU_Mean_RL_minus_Uniform       : +5.053022
FF_CVaR_RL_minus_Uniform        : +9.250873
GRU_CVaR_RL_minus_Uniform       : +7.681128
GRU_minus_FF_Mean               : +3.382851
GRU_minus_FF_CVaR               : -1.569745

==============================================================================
R4-E2 DAY 7 SOURCE 09: PASS
==============================================================================
