==============================================================================
R4-E2 ZERO-SHOT RL TRANSFER
TARGET DAY 7 — SOURCE CHECKPOINT 10
==============================================================================
target training       : NONE
target validation     : NONE
target weight updates : NONE
initial distance      : 363.400000
TW scale              : 180.000000
search bank seed      : 20701001
test bank seed        : 20701002
Running RL-FF-Mean...
Running RL-GRU-Mean...
Running Uniform-Mean...
Running RL-FF-CVaR...
Running RL-GRU-CVaR...
Running Uniform-CVaR...
Search-budget gates   : PASS
Weight-immutability   : PASS

      method  distance_km  tard_mean  tard_cvar95  on_time_mean  J_aligned
  RL-FF-Mean        366.2   2.104663    25.874423      0.995621 370.409326
 RL-GRU-Mean        368.6   0.796703    10.413553      0.997000 370.193405
Uniform-Mean        366.6   2.651469    26.846421      0.992182 371.902938
  RL-FF-CVaR        363.7   5.424592    33.105399      0.986136 429.910799
 RL-GRU-CVaR        369.2   3.370059    19.709799      0.990939 408.619598
Uniform-CVaR        378.3   0.126085     2.521709      0.999606 383.343418

FF_Mean_RL_minus_Uniform        : -1.493612
GRU_Mean_RL_minus_Uniform       : -1.709533
FF_CVaR_RL_minus_Uniform        : +46.567380
GRU_CVaR_RL_minus_Uniform       : +25.276179
GRU_minus_FF_Mean               : -0.215921
GRU_minus_FF_CVaR               : -21.291201

==============================================================================
R4-E2 DAY 7 SOURCE 10: PASS
==============================================================================
