==============================================================================
R4-E2 ZERO-SHOT RL TRANSFER
TARGET DAY 2 — SOURCE CHECKPOINT 08
==============================================================================
target training       : NONE
target validation     : NONE
target weight updates : NONE
initial distance      : 410.500000
TW scale              : 180.000000
search bank seed      : 20200801
test bank seed        : 20200802
Running RL-FF-Mean...
Running RL-GRU-Mean...
Running Uniform-Mean...
Running RL-FF-CVaR...
Running RL-GRU-CVaR...
Running Uniform-CVaR...
Search-budget gates   : PASS
Weight-immutability   : PASS

      method  distance_km  tard_mean  tard_cvar95  on_time_mean  J_aligned
  RL-FF-Mean        411.6   0.604150     5.923836      0.995667 412.808300
 RL-GRU-Mean        411.1   0.561424     5.926310      0.996333 412.222849
Uniform-Mean        410.6   3.529482    22.076828      0.989508 417.658964
  RL-FF-CVaR        411.4   0.095867     1.861951      0.998968 415.123901
 RL-GRU-CVaR        413.0   1.231133    11.388186      0.995286 435.776371
Uniform-CVaR        411.1   0.605958     6.442046      0.996238 423.984092

FF_Mean_RL_minus_Uniform        : -4.850664
GRU_Mean_RL_minus_Uniform       : -5.436115
FF_CVaR_RL_minus_Uniform        : -8.860191
GRU_CVaR_RL_minus_Uniform       : +11.792280
GRU_minus_FF_Mean               : -0.585451
GRU_minus_FF_CVaR               : +20.652470

==============================================================================
R4-E2 DAY 2 SOURCE 08: PASS
==============================================================================
