==============================================================================
R4-E2 ZERO-SHOT RL TRANSFER
TARGET DAY 6 — SOURCE CHECKPOINT 09
==============================================================================
target training       : NONE
target validation     : NONE
target weight updates : NONE
initial distance      : 370.700000
TW scale              : 180.000000
search bank seed      : 20600901
test bank seed        : 20600902
Running RL-FF-Mean...
Running RL-GRU-Mean...
Running Uniform-Mean...
Running RL-FF-CVaR...
Running RL-GRU-CVaR...
Running Uniform-CVaR...
Search-budget gates   : PASS
Weight-immutability   : PASS

      method  distance_km  tard_mean  tard_cvar95  on_time_mean  J_aligned
  RL-FF-Mean        375.8   2.092653    17.187994      0.994662 379.985305
 RL-GRU-Mean        372.8   5.249242    49.791176      0.988091 383.298483
Uniform-Mean        375.4   2.012334    22.526576      0.995948 379.424667
  RL-FF-CVaR        383.0   0.213568     4.271362      0.999325 391.542724
 RL-GRU-CVaR        384.7   0.389777     6.820774      0.998234 398.341548
Uniform-CVaR        386.5   0.182482     3.649370      0.999312 393.798740

FF_Mean_RL_minus_Uniform        : +0.560638
GRU_Mean_RL_minus_Uniform       : +3.873816
FF_CVaR_RL_minus_Uniform        : -2.256016
GRU_CVaR_RL_minus_Uniform       : +4.542809
GRU_minus_FF_Mean               : +3.313178
GRU_minus_FF_CVaR               : +6.798824

==============================================================================
R4-E2 DAY 6 SOURCE 09: PASS
==============================================================================
