==============================================================================
R4-E2 ZERO-SHOT RL TRANSFER
TARGET DAY 3 — SOURCE CHECKPOINT 01
==============================================================================
target training       : NONE
target validation     : NONE
target weight updates : NONE
initial distance      : 396.400000
TW scale              : 180.000000
search bank seed      : 20300101
test bank seed        : 20300102
Running RL-FF-Mean...
Running RL-GRU-Mean...
Running Uniform-Mean...
Running RL-FF-CVaR...
Running RL-GRU-CVaR...
Running Uniform-CVaR...
Search-budget gates   : PASS
Weight-immutability   : PASS

      method  distance_km  tard_mean  tard_cvar95  on_time_mean  J_aligned
  RL-FF-Mean        402.0   1.035336    12.329113      0.995881 404.070672
 RL-GRU-Mean        398.1   0.982335    15.062763      0.997299 400.064671
Uniform-Mean        398.1   0.982335    15.062763      0.997299 400.064671
  RL-FF-CVaR        399.1   0.447002     6.513839      0.997403 412.127677
 RL-GRU-CVaR        399.9   0.558451    10.657177      0.998478 421.214353
Uniform-CVaR        402.2   0.557881    10.637054      0.998507 423.474107

FF_Mean_RL_minus_Uniform        : +4.006001
GRU_Mean_RL_minus_Uniform       : +0.000000
FF_CVaR_RL_minus_Uniform        : -11.346430
GRU_CVaR_RL_minus_Uniform       : -2.259754
GRU_minus_FF_Mean               : -4.006001
GRU_minus_FF_CVaR               : +9.086676

==============================================================================
R4-E2 DAY 3 SOURCE 01: PASS
==============================================================================
