==============================================================================
R4-E2 ZERO-SHOT RL TRANSFER
TARGET DAY 5 — SOURCE CHECKPOINT 01
==============================================================================
target training       : NONE
target validation     : NONE
target weight updates : NONE
initial distance      : 395.500000
TW scale              : 180.000000
search bank seed      : 20500101
test bank seed        : 20500102
Running RL-FF-Mean...
Running RL-GRU-Mean...
Running Uniform-Mean...
Running RL-FF-CVaR...
Running RL-GRU-CVaR...
Running Uniform-CVaR...
Search-budget gates   : PASS
Weight-immutability   : PASS

      method  distance_km  tard_mean  tard_cvar95  on_time_mean  J_aligned
  RL-FF-Mean        398.1   2.357938    20.168779      0.993947 402.815876
 RL-GRU-Mean        401.6   1.519471    15.572217      0.995853 404.638943
Uniform-Mean        399.5   1.759671    16.769988      0.995307 403.019342
  RL-FF-CVaR        398.1   0.012908     0.258165      0.999893 398.616330
 RL-GRU-CVaR        413.9   0.108939     2.178772      0.999627 418.257545
Uniform-CVaR        397.5   0.884838    10.722186      0.996747 418.944372

FF_Mean_RL_minus_Uniform        : -0.203465
GRU_Mean_RL_minus_Uniform       : +1.619601
FF_CVaR_RL_minus_Uniform        : -20.328042
GRU_CVaR_RL_minus_Uniform       : -0.686827
GRU_minus_FF_Mean               : +1.823066
GRU_minus_FF_CVaR               : +19.641215

==============================================================================
R4-E2 DAY 5 SOURCE 01: PASS
==============================================================================
