==============================================================================
R4-E2 ZERO-SHOT RL TRANSFER
TARGET DAY 9 — SOURCE CHECKPOINT 03
==============================================================================
target training       : NONE
target validation     : NONE
target weight updates : NONE
initial distance      : 431.300000
TW scale              : 180.000000
search bank seed      : 20900301
test bank seed        : 20900302
Running RL-FF-Mean...
Running RL-GRU-Mean...
Running Uniform-Mean...
Running RL-FF-CVaR...
Running RL-GRU-CVaR...
Running Uniform-CVaR...
Search-budget gates   : PASS
Weight-immutability   : PASS

      method  distance_km  tard_mean  tard_cvar95  on_time_mean  J_aligned
  RL-FF-Mean        430.6   3.758238    29.971807      0.990667 438.116477
 RL-GRU-Mean        427.2   5.279067    29.560988      0.983524 437.758134
Uniform-Mean        430.8   4.720476    24.300702      0.986214 440.240951
  RL-FF-CVaR        447.4   1.823391    17.619361      0.995060 482.638721
 RL-GRU-CVaR        431.4   8.408957    36.312500      0.977905 504.025000
Uniform-CVaR        453.5   0.303027     5.003008      0.998488 463.506015

FF_Mean_RL_minus_Uniform        : -2.124474
GRU_Mean_RL_minus_Uniform       : -2.482817
FF_CVaR_RL_minus_Uniform        : +19.132706
GRU_CVaR_RL_minus_Uniform       : +40.518985
GRU_minus_FF_Mean               : -0.358343
GRU_minus_FF_CVaR               : +21.386279

==============================================================================
R4-E2 DAY 9 SOURCE 03: PASS
==============================================================================
