==============================================================================
R4-E2 ZERO-SHOT RL TRANSFER
TARGET DAY 8 — SOURCE CHECKPOINT 10
==============================================================================
target training       : NONE
target validation     : NONE
target weight updates : NONE
initial distance      : 437.700000
TW scale              : 180.000000
search bank seed      : 20801001
test bank seed        : 20801002
Running RL-FF-Mean...
Running RL-GRU-Mean...
Running Uniform-Mean...
Running RL-FF-CVaR...
Running RL-GRU-CVaR...
Running Uniform-CVaR...
Search-budget gates   : PASS
Weight-immutability   : PASS

      method  distance_km  tard_mean  tard_cvar95  on_time_mean  J_aligned
  RL-FF-Mean        440.3   4.928295    33.756544      0.986284 450.156590
 RL-GRU-Mean        438.1   8.315736    40.737852      0.980743 454.731471
Uniform-Mean        438.5   7.970058    35.280049      0.980662 454.440116
  RL-FF-CVaR        446.4   5.169242    29.012997      0.987757 504.425995
 RL-GRU-CVaR        443.7   3.573957    26.670392      0.990649 497.040785
Uniform-CVaR        441.7   8.248369    38.188524      0.980378 518.077048

FF_Mean_RL_minus_Uniform        : -4.283526
GRU_Mean_RL_minus_Uniform       : +0.291356
FF_CVaR_RL_minus_Uniform        : -13.651053
GRU_CVaR_RL_minus_Uniform       : -21.036263
GRU_minus_FF_Mean               : +4.574881
GRU_minus_FF_CVaR               : -7.385210

==============================================================================
R4-E2 DAY 8 SOURCE 10: PASS
==============================================================================
