==============================================================================
R4-E2 ZERO-SHOT RL TRANSFER
TARGET DAY 2 — SOURCE CHECKPOINT 09
==============================================================================
target training       : NONE
target validation     : NONE
target weight updates : NONE
initial distance      : 410.500000
TW scale              : 180.000000
search bank seed      : 20200901
test bank seed        : 20200902
Running RL-FF-Mean...
Running RL-GRU-Mean...
Running Uniform-Mean...
Running RL-FF-CVaR...
Running RL-GRU-CVaR...
Running Uniform-CVaR...
Search-budget gates   : PASS
Weight-immutability   : PASS

      method  distance_km  tard_mean  tard_cvar95  on_time_mean  J_aligned
  RL-FF-Mean        410.8   3.623736    21.066653      0.989667 418.047473
 RL-GRU-Mean        413.6   1.936249    14.372818      0.991317 417.472497
Uniform-Mean        413.5   1.192396    10.117461      0.993429 415.884791
  RL-FF-CVaR        412.3   1.028590     7.212184      0.991159 426.724368
 RL-GRU-CVaR        417.2   0.783815     7.728047      0.994889 432.656095
Uniform-CVaR        422.0   1.578975    10.667469      0.987444 443.334937

FF_Mean_RL_minus_Uniform        : +2.162681
GRU_Mean_RL_minus_Uniform       : +1.587706
FF_CVaR_RL_minus_Uniform        : -16.610570
GRU_CVaR_RL_minus_Uniform       : -10.678842
GRU_minus_FF_Mean               : -0.574976
GRU_minus_FF_CVaR               : +5.931727

==============================================================================
R4-E2 DAY 2 SOURCE 09: PASS
==============================================================================
