==============================================================================
R4-E2 ZERO-SHOT RL TRANSFER
TARGET DAY 8 — SOURCE CHECKPOINT 04
==============================================================================
target training       : NONE
target validation     : NONE
target weight updates : NONE
initial distance      : 437.700000
TW scale              : 180.000000
search bank seed      : 20800401
test bank seed        : 20800402
Running RL-FF-Mean...
Running RL-GRU-Mean...
Running Uniform-Mean...
Running RL-FF-CVaR...
Running RL-GRU-CVaR...
Running Uniform-CVaR...
Search-budget gates   : PASS
Weight-immutability   : PASS

      method  distance_km  tard_mean  tard_cvar95  on_time_mean  J_aligned
  RL-FF-Mean        436.2   9.856897    43.526116      0.978216 455.913794
 RL-GRU-Mean        441.3   8.217475    41.338963      0.980973 457.734950
Uniform-Mean        439.3   5.426818    40.538983      0.985162 450.153636
  RL-FF-CVaR        441.0   6.884826    34.056024      0.983554 509.112047
 RL-GRU-CVaR        447.2   7.941741    33.106154      0.982351 513.412307
Uniform-CVaR        438.1   6.959385    29.897220      0.984541 497.894440

FF_Mean_RL_minus_Uniform        : +5.760158
GRU_Mean_RL_minus_Uniform       : +7.581314
FF_CVaR_RL_minus_Uniform        : +11.217607
GRU_CVaR_RL_minus_Uniform       : +15.517867
GRU_minus_FF_Mean               : +1.821155
GRU_minus_FF_CVaR               : +4.300260

==============================================================================
R4-E2 DAY 8 SOURCE 04: PASS
==============================================================================
