==============================================================================
R4-E2 ZERO-SHOT RL TRANSFER
TARGET DAY 5 — SOURCE CHECKPOINT 10
==============================================================================
target training       : NONE
target validation     : NONE
target weight updates : NONE
initial distance      : 395.500000
TW scale              : 180.000000
search bank seed      : 20501001
test bank seed        : 20501002
Running RL-FF-Mean...
Running RL-GRU-Mean...
Running Uniform-Mean...
Running RL-FF-CVaR...
Running RL-GRU-CVaR...
Running Uniform-CVaR...
Search-budget gates   : PASS
Weight-immutability   : PASS

      method  distance_km  tard_mean  tard_cvar95  on_time_mean  J_aligned
  RL-FF-Mean        398.2   0.713406     9.648750      0.997787 399.626812
 RL-GRU-Mean        395.9   0.483979     6.467853      0.998040 396.867957
Uniform-Mean        401.7   0.521158     9.872592      0.998933 402.742316
  RL-FF-CVaR        406.3   1.664538    14.656056      0.995640 435.612112
 RL-GRU-CVaR        399.3   0.142276     2.845521      0.999467 404.991043
Uniform-CVaR        404.9   2.536897    17.557916      0.992453 440.015832

FF_Mean_RL_minus_Uniform        : -3.115504
GRU_Mean_RL_minus_Uniform       : -5.874359
FF_CVaR_RL_minus_Uniform        : -4.403720
GRU_CVaR_RL_minus_Uniform       : -35.024789
GRU_minus_FF_Mean               : -2.758855
GRU_minus_FF_CVaR               : -30.621069

==============================================================================
R4-E2 DAY 5 SOURCE 10: PASS
==============================================================================
