==============================================================================
R4-E2 ZERO-SHOT RL TRANSFER
TARGET DAY 9 — SOURCE CHECKPOINT 09
==============================================================================
target training       : NONE
target validation     : NONE
target weight updates : NONE
initial distance      : 431.300000
TW scale              : 180.000000
search bank seed      : 20900901
test bank seed        : 20900902
Running RL-FF-Mean...
Running RL-GRU-Mean...
Running Uniform-Mean...
Running RL-FF-CVaR...
Running RL-GRU-CVaR...
Running Uniform-CVaR...
Search-budget gates   : PASS
Weight-immutability   : PASS

      method  distance_km  tard_mean  tard_cvar95  on_time_mean  J_aligned
  RL-FF-Mean        437.1   3.791329    22.558679      0.989345 444.682658
 RL-GRU-Mean        424.6   6.634383    31.257340      0.982464 437.868766
Uniform-Mean        423.2   7.547083    33.750106      0.981298 438.294167
  RL-FF-CVaR        450.0   2.810329    16.486844      0.992583 482.973689
 RL-GRU-CVaR        442.5   2.706863    19.057572      0.991750 480.615144
Uniform-CVaR        443.2   3.441734    22.114515      0.990310 487.429031

FF_Mean_RL_minus_Uniform        : +6.388491
GRU_Mean_RL_minus_Uniform       : -0.425400
FF_CVaR_RL_minus_Uniform        : -4.455342
GRU_CVaR_RL_minus_Uniform       : -6.813887
GRU_minus_FF_Mean               : -6.813892
GRU_minus_FF_CVaR               : -2.358544

==============================================================================
R4-E2 DAY 9 SOURCE 09: PASS
==============================================================================
