==============================================================================
R4-E2 ZERO-SHOT RL TRANSFER
TARGET DAY 6 — SOURCE CHECKPOINT 03
==============================================================================
target training       : NONE
target validation     : NONE
target weight updates : NONE
initial distance      : 370.700000
TW scale              : 180.000000
search bank seed      : 20600301
test bank seed        : 20600302
Running RL-FF-Mean...
Running RL-GRU-Mean...
Running Uniform-Mean...
Running RL-FF-CVaR...
Running RL-GRU-CVaR...
Running Uniform-CVaR...
Search-budget gates   : PASS
Weight-immutability   : PASS

      method  distance_km  tard_mean  tard_cvar95  on_time_mean  J_aligned
  RL-FF-Mean        381.6   2.615067    18.537828      0.993688 386.830135
 RL-GRU-Mean        383.8   2.208410    22.697228      0.995558 388.216819
Uniform-Mean        373.4   1.613471    15.676887      0.996571 376.626943
  RL-FF-CVaR        385.0   0.449076     8.727303      0.998558 402.454606
 RL-GRU-CVaR        382.8   0.326525     5.261471      0.998234 393.322941
Uniform-CVaR        377.8   2.052259    16.781102      0.994766 411.362204

FF_Mean_RL_minus_Uniform        : +10.203192
GRU_Mean_RL_minus_Uniform       : +11.589876
FF_CVaR_RL_minus_Uniform        : -8.907598
GRU_CVaR_RL_minus_Uniform       : -18.039263
GRU_minus_FF_Mean               : +1.386684
GRU_minus_FF_CVaR               : -9.131665

==============================================================================
R4-E2 DAY 6 SOURCE 03: PASS
==============================================================================
