==============================================================================
R4-E2 ZERO-SHOT RL TRANSFER
TARGET DAY 3 — SOURCE CHECKPOINT 09
==============================================================================
target training       : NONE
target validation     : NONE
target weight updates : NONE
initial distance      : 396.400000
TW scale              : 180.000000
search bank seed      : 20300901
test bank seed        : 20300902
Running RL-FF-Mean...
Running RL-GRU-Mean...
Running Uniform-Mean...
Running RL-FF-CVaR...
Running RL-GRU-CVaR...
Running Uniform-CVaR...
Search-budget gates   : PASS
Weight-immutability   : PASS

      method  distance_km  tard_mean  tard_cvar95  on_time_mean  J_aligned
  RL-FF-Mean        397.2   1.121062    13.095441      0.995597 399.442123
 RL-GRU-Mean        397.2   1.121062    13.095441      0.995597 399.442123
Uniform-Mean        397.2   1.121062    13.095441      0.995597 399.442123
  RL-FF-CVaR        399.9   0.950887    12.154670      0.996373 424.209340
 RL-GRU-CVaR        401.7   0.767202    11.274356      0.997164 424.248712
Uniform-CVaR        398.8   0.702748    11.198514      0.997672 421.197027

FF_Mean_RL_minus_Uniform        : +0.000000
GRU_Mean_RL_minus_Uniform       : +0.000000
FF_CVaR_RL_minus_Uniform        : +3.012313
GRU_CVaR_RL_minus_Uniform       : +3.051685
GRU_minus_FF_Mean               : +0.000000
GRU_minus_FF_CVaR               : +0.039372

==============================================================================
R4-E2 DAY 3 SOURCE 09: PASS
==============================================================================
