==============================================================================
R4-E2 ZERO-SHOT RL TRANSFER
TARGET DAY 6 — SOURCE CHECKPOINT 05
==============================================================================
target training       : NONE
target validation     : NONE
target weight updates : NONE
initial distance      : 370.700000
TW scale              : 180.000000
search bank seed      : 20600501
test bank seed        : 20600502
Running RL-FF-Mean...
Running RL-GRU-Mean...
Running Uniform-Mean...
Running RL-FF-CVaR...
Running RL-GRU-CVaR...
Running Uniform-CVaR...
Search-budget gates   : PASS
Weight-immutability   : PASS

      method  distance_km  tard_mean  tard_cvar95  on_time_mean  J_aligned
  RL-FF-Mean        373.9   3.888219    22.806057      0.991805 381.676438
 RL-GRU-Mean        373.0   1.685547    16.445704      0.996494 376.371095
Uniform-Mean        376.8   1.642577    16.356238      0.996623 380.085154
  RL-FF-CVaR        378.9   0.365251     5.659740      0.998519 390.219479
 RL-GRU-CVaR        380.5   0.016425     0.328495      0.999831 381.156991
Uniform-CVaR        377.3   0.083868     1.677356      0.999623 380.654712

FF_Mean_RL_minus_Uniform        : +1.591284
GRU_Mean_RL_minus_Uniform       : -3.714059
FF_CVaR_RL_minus_Uniform        : +9.564767
GRU_CVaR_RL_minus_Uniform       : +0.502278
GRU_minus_FF_Mean               : -5.305343
GRU_minus_FF_CVaR               : -9.062489

==============================================================================
R4-E2 DAY 6 SOURCE 05: PASS
==============================================================================
