==============================================================================
R4-E2 ZERO-SHOT RL TRANSFER
TARGET DAY 2 — SOURCE CHECKPOINT 06
==============================================================================
target training       : NONE
target validation     : NONE
target weight updates : NONE
initial distance      : 410.500000
TW scale              : 180.000000
search bank seed      : 20200601
test bank seed        : 20200602
Running RL-FF-Mean...
Running RL-GRU-Mean...
Running Uniform-Mean...
Running RL-FF-CVaR...
Running RL-GRU-CVaR...
Running Uniform-CVaR...
Search-budget gates   : PASS
Weight-immutability   : PASS

      method  distance_km  tard_mean  tard_cvar95  on_time_mean  J_aligned
  RL-FF-Mean        411.1   4.096585    25.547190      0.988095 419.293170
 RL-GRU-Mean        412.1   0.367867     5.984548      0.997905 412.835734
Uniform-Mean        412.1   3.469833    20.469557      0.990079 419.039667
  RL-FF-CVaR        410.7   1.496657    14.919384      0.995381 440.538768
 RL-GRU-CVaR        413.3   0.071380     1.419769      0.999127 416.139538
Uniform-CVaR        423.5   0.097659     1.953176      0.999556 427.406351

FF_Mean_RL_minus_Uniform        : +0.253504
GRU_Mean_RL_minus_Uniform       : -6.203933
FF_CVaR_RL_minus_Uniform        : +13.132417
GRU_CVaR_RL_minus_Uniform       : -11.266813
GRU_minus_FF_Mean               : -6.457437
GRU_minus_FF_CVaR               : -24.399230

==============================================================================
R4-E2 DAY 2 SOURCE 06: PASS
==============================================================================
