==============================================================================
R4-E2 ZERO-SHOT RL TRANSFER
TARGET DAY 8 — SOURCE CHECKPOINT 03
==============================================================================
target training       : NONE
target validation     : NONE
target weight updates : NONE
initial distance      : 437.700000
TW scale              : 180.000000
search bank seed      : 20800301
test bank seed        : 20800302
Running RL-FF-Mean...
Running RL-GRU-Mean...
Running Uniform-Mean...
Running RL-FF-CVaR...
Running RL-GRU-CVaR...
Running Uniform-CVaR...
Search-budget gates   : PASS
Weight-immutability   : PASS

      method  distance_km  tard_mean  tard_cvar95  on_time_mean  J_aligned
  RL-FF-Mean        442.0   5.225141    29.202932      0.987986 452.450282
 RL-GRU-Mean        443.7   3.169469    25.668541      0.990797 450.038938
Uniform-Mean        441.1   7.055755    47.015949      0.981459 455.211510
  RL-FF-CVaR        450.5   6.176036    26.777946      0.985595 504.055893
 RL-GRU-CVaR        439.3  10.226213    41.490934      0.975622 522.281869
Uniform-CVaR        444.9   3.037238    24.995845      0.990730 494.891689

FF_Mean_RL_minus_Uniform        : -2.761229
GRU_Mean_RL_minus_Uniform       : -5.172573
FF_CVaR_RL_minus_Uniform        : +9.164204
GRU_CVaR_RL_minus_Uniform       : +27.390180
GRU_minus_FF_Mean               : -2.411344
GRU_minus_FF_CVaR               : +18.225976

==============================================================================
R4-E2 DAY 8 SOURCE 03: PASS
==============================================================================
