==============================================================================
R4-E2 ZERO-SHOT RL TRANSFER
TARGET DAY 9 — SOURCE CHECKPOINT 10
==============================================================================
target training       : NONE
target validation     : NONE
target weight updates : NONE
initial distance      : 431.300000
TW scale              : 180.000000
search bank seed      : 20901001
test bank seed        : 20901002
Running RL-FF-Mean...
Running RL-GRU-Mean...
Running Uniform-Mean...
Running RL-FF-CVaR...
Running RL-GRU-CVaR...
Running Uniform-CVaR...
Search-budget gates   : PASS
Weight-immutability   : PASS

      method  distance_km  tard_mean  tard_cvar95  on_time_mean  J_aligned
  RL-FF-Mean        419.3  10.345752    45.877805      0.973917 439.991505
 RL-GRU-Mean        432.5   4.524702    27.312233      0.988155 441.549404
Uniform-Mean        433.9   6.348194    35.194282      0.984607 446.596388
  RL-FF-CVaR        433.1   9.276506    44.392803      0.976810 521.885605
 RL-GRU-CVaR        452.5   3.399201    23.167602      0.989905 498.835205
Uniform-CVaR        431.6   6.465747    34.903783      0.984798 501.407567

FF_Mean_RL_minus_Uniform        : -6.604883
GRU_Mean_RL_minus_Uniform       : -5.046983
FF_CVaR_RL_minus_Uniform        : +20.478038
GRU_CVaR_RL_minus_Uniform       : -2.572362
GRU_minus_FF_Mean               : +1.557900
GRU_minus_FF_CVaR               : -23.050401

==============================================================================
R4-E2 DAY 9 SOURCE 10: PASS
==============================================================================
