==============================================================================
R4-E2 ZERO-SHOT RL TRANSFER
TARGET DAY 5 — SOURCE CHECKPOINT 04
==============================================================================
target training       : NONE
target validation     : NONE
target weight updates : NONE
initial distance      : 395.500000
TW scale              : 180.000000
search bank seed      : 20500401
test bank seed        : 20500402
Running RL-FF-Mean...
Running RL-GRU-Mean...
Running Uniform-Mean...
Running RL-FF-CVaR...
Running RL-GRU-CVaR...
Running Uniform-CVaR...
Search-budget gates   : PASS
Weight-immutability   : PASS

      method  distance_km  tard_mean  tard_cvar95  on_time_mean  J_aligned
  RL-FF-Mean        395.0   0.471148     9.135500      0.999067 395.942296
 RL-GRU-Mean        396.0   0.624376    10.410328      0.998293 397.248753
Uniform-Mean        401.3   2.419515    19.781352      0.994293 406.139030
  RL-FF-CVaR        405.8   1.453507    14.899680      0.996093 435.599360
 RL-GRU-CVaR        421.8   0.354679     7.080578      0.999240 435.961157
Uniform-CVaR        406.0   4.292643    25.648324      0.989253 457.296648

FF_Mean_RL_minus_Uniform        : -10.196734
GRU_Mean_RL_minus_Uniform       : -8.890277
FF_CVaR_RL_minus_Uniform        : -21.697288
GRU_CVaR_RL_minus_Uniform       : -21.335491
GRU_minus_FF_Mean               : +1.306457
GRU_minus_FF_CVaR               : +0.361797

==============================================================================
R4-E2 DAY 5 SOURCE 04: PASS
==============================================================================
