==============================================================================
R4-E2 ZERO-SHOT RL TRANSFER
TARGET DAY 9 — SOURCE CHECKPOINT 08
==============================================================================
target training       : NONE
target validation     : NONE
target weight updates : NONE
initial distance      : 431.300000
TW scale              : 180.000000
search bank seed      : 20900801
test bank seed        : 20900802
Running RL-FF-Mean...
Running RL-GRU-Mean...
Running Uniform-Mean...
Running RL-FF-CVaR...
Running RL-GRU-CVaR...
Running Uniform-CVaR...
Search-budget gates   : PASS
Weight-immutability   : PASS

      method  distance_km  tard_mean  tard_cvar95  on_time_mean  J_aligned
  RL-FF-Mean        429.6   5.729457    29.466292      0.984024 441.058915
 RL-GRU-Mean        425.7   9.144285    41.899343      0.975679 443.988569
Uniform-Mean        429.3   6.481077    41.266619      0.983179 442.262154
  RL-FF-CVaR        439.8   0.846639     8.895172      0.997500 457.590343
 RL-GRU-CVaR        437.5   2.270133    18.328913      0.994488 474.157826
Uniform-CVaR        429.2   4.599711    24.896656      0.987405 478.993312

FF_Mean_RL_minus_Uniform        : -1.203240
GRU_Mean_RL_minus_Uniform       : +1.726415
FF_CVaR_RL_minus_Uniform        : -21.402968
GRU_CVaR_RL_minus_Uniform       : -4.835486
GRU_minus_FF_Mean               : +2.929655
GRU_minus_FF_CVaR               : +16.567483

==============================================================================
R4-E2 DAY 9 SOURCE 08: PASS
==============================================================================
