==============================================================================
R4-E2 ZERO-SHOT RL TRANSFER
TARGET DAY 7 — SOURCE CHECKPOINT 01
==============================================================================
target training       : NONE
target validation     : NONE
target weight updates : NONE
initial distance      : 363.400000
TW scale              : 180.000000
search bank seed      : 20700101
test bank seed        : 20700102
Running RL-FF-Mean...
Running RL-GRU-Mean...
Running Uniform-Mean...
Running RL-FF-CVaR...
Running RL-GRU-CVaR...
Running Uniform-CVaR...
Search-budget gates   : PASS
Weight-immutability   : PASS

      method  distance_km  tard_mean  tard_cvar95  on_time_mean  J_aligned
  RL-FF-Mean        368.6   1.162129    12.539710      0.996424 370.924259
 RL-GRU-Mean        365.0   4.010288    25.251583      0.988167 373.020577
Uniform-Mean        365.9   2.828281    30.306992      0.991697 371.556562
  RL-FF-CVaR        370.8   1.529794    19.994796      0.994848 410.789593
 RL-GRU-CVaR        373.8   0.608942     9.147254      0.997197 392.094508
Uniform-CVaR        373.1   1.645793    15.109099      0.994500 403.318198

FF_Mean_RL_minus_Uniform        : -0.632303
GRU_Mean_RL_minus_Uniform       : +1.464015
FF_CVaR_RL_minus_Uniform        : +7.471395
GRU_CVaR_RL_minus_Uniform       : -11.223690
GRU_minus_FF_Mean               : +2.096318
GRU_minus_FF_CVaR               : -18.695085

==============================================================================
R4-E2 DAY 7 SOURCE 01: PASS
==============================================================================
