==============================================================================
R4-E2 ZERO-SHOT RL TRANSFER
TARGET DAY 7 — SOURCE CHECKPOINT 04
==============================================================================
target training       : NONE
target validation     : NONE
target weight updates : NONE
initial distance      : 363.400000
TW scale              : 180.000000
search bank seed      : 20700401
test bank seed        : 20700402
Running RL-FF-Mean...
Running RL-GRU-Mean...
Running Uniform-Mean...
Running RL-FF-CVaR...
Running RL-GRU-CVaR...
Running Uniform-CVaR...
Search-budget gates   : PASS
Weight-immutability   : PASS

      method  distance_km  tard_mean  tard_cvar95  on_time_mean  J_aligned
  RL-FF-Mean        366.9   2.479344    30.348823      0.993788 371.858687
 RL-GRU-Mean        365.9   2.809955    32.271769      0.992121 371.519911
Uniform-Mean        366.2   2.771511    32.078151      0.992288 371.743022
  RL-FF-CVaR        365.4   5.292716    34.686251      0.988773 434.772502
 RL-GRU-CVaR        372.9   0.433269     8.657802      0.998985 390.215603
Uniform-CVaR        370.3   2.604318    45.084276      0.995318 460.468552

FF_Mean_RL_minus_Uniform        : +0.115665
GRU_Mean_RL_minus_Uniform       : -0.223112
FF_CVaR_RL_minus_Uniform        : -25.696050
GRU_CVaR_RL_minus_Uniform       : -70.252949
GRU_minus_FF_Mean               : -0.338777
GRU_minus_FF_CVaR               : -44.556899

==============================================================================
R4-E2 DAY 7 SOURCE 04: PASS
==============================================================================
