==============================================================================
R4-E2 ZERO-SHOT RL TRANSFER
TARGET DAY 7 — SOURCE CHECKPOINT 02
==============================================================================
target training       : NONE
target validation     : NONE
target weight updates : NONE
initial distance      : 363.400000
TW scale              : 180.000000
search bank seed      : 20700201
test bank seed        : 20700202
Running RL-FF-Mean...
Running RL-GRU-Mean...
Running Uniform-Mean...
Running RL-FF-CVaR...
Running RL-GRU-CVaR...
Running Uniform-CVaR...
Search-budget gates   : PASS
Weight-immutability   : PASS

      method  distance_km  tard_mean  tard_cvar95  on_time_mean  J_aligned
  RL-FF-Mean        371.6   0.861644    11.708609      0.997621 373.323288
 RL-GRU-Mean        369.7   0.588769     9.448671      0.998258 370.877538
Uniform-Mean        367.3   2.145721    27.690094      0.995364 371.591441
  RL-FF-CVaR        372.0   2.270602    28.825058      0.993242 429.650116
 RL-GRU-CVaR        368.2   5.658200    31.097390      0.986712 430.394779
Uniform-CVaR        378.3   0.145058     2.901158      0.999576 384.102316

FF_Mean_RL_minus_Uniform        : +1.731847
GRU_Mean_RL_minus_Uniform       : -0.713903
FF_CVaR_RL_minus_Uniform        : +45.547799
GRU_CVaR_RL_minus_Uniform       : +46.292463
GRU_minus_FF_Mean               : -2.445750
GRU_minus_FF_CVaR               : +0.744664

==============================================================================
R4-E2 DAY 7 SOURCE 02: PASS
==============================================================================
