==============================================================================
R4-E2 ZERO-SHOT RL TRANSFER
TARGET DAY 4 — SOURCE CHECKPOINT 02
==============================================================================
target training       : NONE
target validation     : NONE
target weight updates : NONE
initial distance      : 419.200000
TW scale              : 180.000000
search bank seed      : 20400201
test bank seed        : 20400202
Running RL-FF-Mean...
Running RL-GRU-Mean...
Running Uniform-Mean...
Running RL-FF-CVaR...
Running RL-GRU-CVaR...
Running Uniform-CVaR...
Search-budget gates   : PASS
Weight-immutability   : PASS

      method  distance_km  tard_mean  tard_cvar95  on_time_mean  J_aligned
  RL-FF-Mean        425.2   2.803385    18.904474      0.991594 430.806770
 RL-GRU-Mean        422.2   3.915697    22.842641      0.988507 430.031394
Uniform-Mean        436.7   0.563762     7.970282      0.997783 437.827525
  RL-FF-CVaR        429.1   1.510031    12.962564      0.996174 455.025128
 RL-GRU-CVaR        435.4   0.303534     5.692199      0.998841 446.784398
Uniform-CVaR        437.8   1.091267    12.255982      0.996594 462.311963

FF_Mean_RL_minus_Uniform        : -7.020755
GRU_Mean_RL_minus_Uniform       : -7.796131
FF_CVaR_RL_minus_Uniform        : -7.286835
GRU_CVaR_RL_minus_Uniform       : -15.527565
GRU_minus_FF_Mean               : -0.775376
GRU_minus_FF_CVaR               : -8.240730

==============================================================================
R4-E2 DAY 4 SOURCE 02: PASS
==============================================================================
