==============================================================================
R4-E2 ZERO-SHOT RL TRANSFER
TARGET DAY 6 — SOURCE CHECKPOINT 06
==============================================================================
target training       : NONE
target validation     : NONE
target weight updates : NONE
initial distance      : 370.700000
TW scale              : 180.000000
search bank seed      : 20600601
test bank seed        : 20600602
Running RL-FF-Mean...
Running RL-GRU-Mean...
Running Uniform-Mean...
Running RL-FF-CVaR...
Running RL-GRU-CVaR...
Running Uniform-CVaR...
Search-budget gates   : PASS
Weight-immutability   : PASS

      method  distance_km  tard_mean  tard_cvar95  on_time_mean  J_aligned
  RL-FF-Mean        379.4   1.853758    17.630753      0.996182 383.107517
 RL-GRU-Mean        375.9   1.518588    15.702212      0.996805 378.937177
Uniform-Mean        371.6   6.823403    33.409837      0.984442 385.246806
  RL-FF-CVaR        385.6   3.264955    27.471054      0.991532 440.542108
 RL-GRU-CVaR        379.5   2.753288    23.129687      0.993805 425.759375
Uniform-CVaR        380.7   2.513842    26.657906      0.992182 434.015812

FF_Mean_RL_minus_Uniform        : -2.139289
GRU_Mean_RL_minus_Uniform       : -6.309630
FF_CVaR_RL_minus_Uniform        : +6.526296
GRU_CVaR_RL_minus_Uniform       : -8.256437
GRU_minus_FF_Mean               : -4.170340
GRU_minus_FF_CVaR               : -14.782733

==============================================================================
R4-E2 DAY 6 SOURCE 06: PASS
==============================================================================
